******************************************************************************
                  TI ARM Linker PC v20.2.3                     
******************************************************************************
>> Linked Fri Dec 11 18:07:10 2020

OUTPUT FILE NAME:   <vl53l1x_cc2652.out>
ENTRY POINT SYMBOL: "ResetISR"  address: 00004d9d


MEMORY CONFIGURATION

         name            origin    length      used     unused   attr    fill
----------------------  --------  ---------  --------  --------  ----  --------
  FLASH                 00000000   00058000  000070af  00050f51  R  X
  GPRAM                 11000000   00002000  00000000  00002000  RW X
  SRAM                  20000000   00014000  00005934  0000e6cc  RW X
  LOG_DATA              90000000   00040000  00000000  00040000  R   


SEGMENT ALLOCATION MAP

run origin  load origin   length   init length attrs members
----------  ----------- ---------- ----------- ----- -------
00000000    00000000    00007058   00007058    r-x
  00000000    00000000    0000003c   0000003c    r-- .resetVecs
  0000003c    0000003c    0000662c   0000662c    r-x .text
  00006668    00006668    000007bf   000007bf    r-- .const
  00006e28    00006e28    00000230   00000230    r-- .cinit
00057fa8    00057fa8    00000058   00000058    r--
  00057fa8    00057fa8    00000058   00000058    r-- .ccfg
20000100    20000100    0000000c   00000000    rw-
  20000100    20000100    00000004   00000000    rw- .data:xdcRomConstPtr
  20000104    20000104    00000004   00000000    rw- .data:xdcRomExternFuncPtr
  20000108    20000108    00000004   00000000    rw- .data:xdcRomStatePtr
20000110    20000110    00004000   00000000    r--
  20000110    20000110    00004000   00000000    r-- .priheap
20004110    20004110    00001450   00000000    rw-
  20004110    20004110    00000cd0   00000000    rw- .bss
  20004de0    20004de0    00000780   00000000    rw- .data
20013c00    20013c00    00000400   00000000    rw-
  20013c00    20013c00    00000400   00000000    rw- .stack


SECTION ALLOCATION MAP

 output                                  attributes/
section   page    origin      length       input sections
--------  ----  ----------  ----------   ----------------
.binit     0    00000000    00000000     

.cinit     0    00006e28    00000230     
                  00006e28    000001da     (.cinit..data.load) [load image, compression = lzss]
                  00007002    00000002     --HOLE-- [fill = 0]
                  00007004    0000000c     (__TI_handler_table)
                  00007010    00000008     (.cinit..bss.load) [load image, compression = zero_init]
                  00007018    00000008     (.cinit..data:xdcRomConstPtr.load) [load image, compression = lzss]
                  00007020    00000008     (.cinit..data:xdcRomExternFuncPtr.load) [load image, compression = lzss]
                  00007028    00000008     (.cinit..data:xdcRomStatePtr.load) [load image, compression = lzss]
                  00007030    00000028     (__TI_cinit_table)

.init_array 
*          0    00000000    00000000     UNINITIALIZED

.ccfg      0    00057fa8    00000058     
                  00057fa8    00000058     ti_devices_config.obj (.ccfg:retain)

.bss       0    20004110    00000cd0     UNINITIALIZED
                  20004110    00000400     (.common:task0Stack)
                  20004510    00000200     release_pem4f.oem4f (.bss:taskStackSection)
                  20004710    00000144     (.common:i2cCC26xxObjects)
                  20004854    00000120     rtsv7M4_T_le_v4SPD16_eabi.lib : trgmsg.c.obj (.bss:_CIOBUF_)
                  20004974    00000100     (.common:_I2CBuffer)
                  20004a74    000000d8     (.common:ti_sysbios_family_arm_m3_Hwi_dispatchTable)
                  20004b4c    000000a0     (.common:__TI_tmpnams)
                  20004bec    0000007c     (.common:pinHandleTable)
                  20004c68    00000050     drivers_cc26x2.a : PINCC26XX.oem4f (.bss:pinSemaphore)
                  20004cb8    00000050     (.common:task0Struct)
                  20004d08    00000034                      : PINCC26XX.oem4f (.bss:pinSwi)
                  20004d3c    00000020                      : GPIOCC26XX.oem4f (.bss:gpioCallbackInfo)
                  20004d5c    00000020                      : PINCC26XX.oem4f (.bss:pinGpioConfigTable)
                  20004d7c    0000001c                      : PINCC26XX.oem4f (.bss:pinHwi)
                  20004d98    00000010     (.common:i2cParams)
                  20004da8    0000000c                      : GPIOCC26XX.oem4f (.bss:gpioPinState)
                  20004db4    00000009     vl53l1x_application.obj (.bss)
                  20004dbd    00000001     (.common:driverlib_release_0_58048)
                  20004dbe    00000002     --HOLE--
                  20004dc0    00000008     drivers_cc26x2.a : GPIOCC26XX.oem4f (.bss)
                  20004dc8    00000008     (.common:parmbuf)
                  20004dd0    00000004                      : PINCC26XX.oem4f (.bss)
                  20004dd4    00000004     (.common:PowerCC26XX_swiKey)
                  20004dd8    00000004     (.common:PowerCC26XX_taskKey)
                  20004ddc    00000004     (.common:i2c)

.data      0    20004de0    00000780     UNINITIALIZED
                  20004de0    00000170     drivers_cc26x2.a : PowerCC26X2.oem4f (.data:PowerCC26X2_module)
                  20004f50    0000010c     release_pem4f.oem4f (.data:ROM_stateStruct)
                  2000505c    000000f0     rtsv7M4_T_le_v4SPD16_eabi.lib : defs.c.obj (.data:_ftable)
                  2000514c    00000088     rom_sysbios.aem4f : rom_sysbios.obj (.data:$O1$$)
                  200051d4    00000078     rtsv7M4_T_le_v4SPD16_eabi.lib : host_device.c.obj (.data:_device)
                  2000524c    00000054     release_pem4f.oem4f (.data:ti_sysbios_gates_GateMutex_Object__table__V)
                  200052a0    00000050     rtsv7M4_T_le_v4SPD16_eabi.lib : host_device.c.obj (.data:_stream)
                  200052f0    0000004c     release_pem4f.oem4f (.data:ti_sysbios_knl_Task_Object__table__V)
                  2000533c    00000004     ti_drivers_config.obj (.data:gpioCallbackFunctions)
                  20005340    00000048     release_pem4f.oem4f (.data:ti_sysbios_family_arm_cc26xx_Timer_Object__table__V)
                  20005388    00000030     release_pem4f.oem4f (.data:ti_sysbios_knl_Swi_Module_State_0_readyQ__A)
                  200053b8    00000030     release_pem4f.oem4f (.data:ti_sysbios_knl_Swi_Object__table__V)
                  200053e8    00000030     release_pem4f.oem4f (.data:ti_sysbios_knl_Task_Module_State_0_readyQ__A)
                  20005418    00000024     driverlib.lib : osc.obj (.data:$O1$$)
                  2000543c    00000020     release_pem4f.oem4f (.data:ti_sysbios_knl_Clock_Object__table__V)
                  2000545c    00000020     release_pem4f.oem4f (.data:xdc_runtime_Error_IgnoreBlock)
                  2000547c    00000018     release_pem4f.oem4f (.data:ti_sysbios_family_arm_m3_Hwi_Object__table__V)
                  20005494    00000018     release_pem4f.oem4f (.data:ti_sysbios_heaps_HeapMem_Object__table__V)
                  200054ac    00000010     rtsv7M4_T_le_v4SPD16_eabi.lib : defs.c.obj (.data)
                  200054bc    0000000c                                   : exit.c.obj (.data:$O1$$)
                  200054c8    00000008                                   : _lock.c.obj (.data:$O1$$)
                  200054d0    00000008     drivers_cc26x2.a : PINCC26XX.oem4f (.data)
                  200054d8    00000008     release_pem4f.oem4f (.data:ti_sysbios_family_arm_m3_Hwi_Module__root__V)
                  200054e0    00000008     release_pem4f.oem4f (.data:ti_sysbios_gates_GateHwi_Module__root__V)
                  200054e8    00000008     release_pem4f.oem4f (.data:ti_sysbios_gates_GateMutex_Module__root__V)
                  200054f0    00000008     release_pem4f.oem4f (.data:ti_sysbios_hal_Hwi_Module__root__V)
                  200054f8    00000008     release_pem4f.oem4f (.data:ti_sysbios_heaps_HeapMem_Module__root__V)
                  20005500    00000008     release_pem4f.oem4f (.data:ti_sysbios_knl_Clock_Module__root__V)
                  20005508    00000008     release_pem4f.oem4f (.data:ti_sysbios_knl_Event_Module__root__V)
                  20005510    00000008     release_pem4f.oem4f (.data:ti_sysbios_knl_Mailbox_Module__root__V)
                  20005518    00000008     release_pem4f.oem4f (.data:ti_sysbios_knl_Queue_Module__root__V)
                  20005520    00000008     release_pem4f.oem4f (.data:ti_sysbios_knl_Semaphore_Module__root__V)
                  20005528    00000008     release_pem4f.oem4f (.data:ti_sysbios_knl_Swi_Module__root__V)
                  20005530    00000008     release_pem4f.oem4f (.data:ti_sysbios_knl_Task_Module__root__V)
                  20005538    00000008     release_pem4f.oem4f (.data:xdc_runtime_System_Module_State_0_atexitHandlers__A)
                  20005540    00000005     drivers_cc26x2.a : GPIOCC26XX.oem4f (.data)
                  20005545    00000001     --HOLE--
                  20005546    00000002     release_pem4f.oem4f (.data:ti_sysbios_family_arm_m3_Hwi_Module_State_0_excActive__A)
                  20005548    00000004     ti_drivers_config.obj (.data:gpioPinConfigs)
                  2000554c    00000004     drivers_cc26x2.a : GPIOCC26XX.oem4f (.data:gpioPinTable)
                  20005550    00000004     rtsv7M4_T_le_v4SPD16_eabi.lib : stkdepth_vars.c.obj (.data)
                  20005554    00000004     release_pem4f.oem4f (.data:ti_sysbios_family_arm_m3_Hwi_Module_State_0_excContext__A)
                  20005558    00000004     release_pem4f.oem4f (.data:ti_sysbios_family_arm_m3_Hwi_Module_State_0_excStack__A)
                  2000555c    00000004     release_pem4f.oem4f (.data:ti_sysbios_knl_Task_Module_State_0_idleTask__A)

.stack     0    20013c00    00000400     UNINITIALIZED
                  20013c00    00000400     --HOLE--

.priheap   0    20000110    00004000     UNINITIALIZED
                  20000110    00004000     --HOLE--

.log_data 
*          0    90000000    00000000     COPY SECTION

.data:xdcRomConstPtr 
*          0    20000100    00000004     UNINITIALIZED
                  20000100    00000004     release_pem4f.oem4f (.data:xdcRomConstPtr)

.data:xdcRomExternFuncPtr 
*          0    20000104    00000004     UNINITIALIZED
                  20000104    00000004     release_pem4f.oem4f (.data:xdcRomExternFuncPtr)

.data:xdcRomStatePtr 
*          0    20000108    00000004     UNINITIALIZED
                  20000108    00000004     release_pem4f.oem4f (.data:xdcRomStatePtr)

.bootVecs 
*          0    00000000    00000008     DSECT
                  00000000    00000008     boot.aem4f : boot.oem4f (.bootVecs)

.resetVecs 
*          0    00000000    0000003c     
                  00000000    0000003c     release_pem4f.oem4f (.resetVecs)

.vecs      0    20000000    000000d8     NOLOAD SECTION
                  20000000    000000d8     release_pem4f.oem4f (.vecs)

xdc.meta   0    00000000    00000100     COPY SECTION
                  00000000    00000100     release_pem4f.oem4f (xdc.meta)

xdc.noload 
*          0    00000000    00000000     COPY SECTION

__llvm_prf_cnts 
*          0    20000000    00000000     UNINITIALIZED

.text      0    0000003c    0000662c     
                  0000003c    00000a4e     rtsv7M4_T_le_v4SPD16_eabi.lib : _printfi.c.obj (.text:__TI_printfi)
                  00000a8a    00000002     ti_drivers_config.obj (.text:Board_initHook)
                  00000a8c    00000270     rtsv7M4_T_le_v4SPD16_eabi.lib : _printfi.c.obj (.text:_pconv_a)
                  00000cfc    00000234     VL53L1X_api.obj (.text:VL53L1X_SetTimingBudgetInMs)
                  00000f30    00000200     vl53l1x_application.obj (.text:mainThread)
                  00001130    000001d0     rtsv7M4_T_le_v4SPD16_eabi.lib : _printfi.c.obj (.text:_pconv_g)
                  00001300    000001cc     drivers_cc26x2.a : PINCC26XX.oem4f (.text:PIN_init)
                  000014cc    000001b6     rtsv7M4_T_le_v4SPD16_eabi.lib : fd_add_t2.asm.obj (.text)
                  00001682    00000002     drivers_cc26x2.a : I2C.oem4f (.text:I2C_init)
                  00001684    00000198                      : PowerCC26X2.oem4f (.text:Power_sleep)
                  0000181c    00000190                      : PowerCC26X2_calibrateRCOSC.oem4f (.text:calibrateRcoscHf1)
                  000019ac    0000018c                      : PowerCC26X2_calibrateRCOSC.oem4f (.text:runCalibrateFsm)
                  00001b38    00000188     release_pem4f.oem4f (.text:xdc_runtime_System_printfExtend__I)
                  00001cc0    00000174     drivers_cc26x2.a : PowerCC26X2.oem4f (.text:Power_init)
                  00001e34    00000146     VL53L1X_api.obj (.text:VL53L1X_SetDistanceMode)
                  00001f7a    00000002     rtsv7M4_T_le_v4SPD16_eabi.lib : _lock.c.obj (.text:_nop)
                  00001f7c    0000013c                                   : _printfi.c.obj (.text:_pconv_e)
                  000020b8    00000136                                   : fd_div_t2.asm.obj (.text)
                  000021ee    00000002     drivers_cc26x2.a : PowerCC26X2.oem4f (.text:emptyClockFunc)
                  000021f0    00000124     rtsv7M4_T_le_v4SPD16_eabi.lib : _printfi.c.obj (.text:fcvt)
                  00002314    00000122     drivers_cc26x2.a : I2C.oem4f (.text:I2C_transferTimeout)
                  00002436    00000002     rtsv7M4_T_le_v4SPD16_eabi.lib : div0.asm.obj (.text)
                  00002438    00000120     drivers_cc26x2.a : PowerCC26X2.oem4f (.text:configureXOSCHF)
                  00002558    00000114     rtsv7M4_T_le_v4SPD16_eabi.lib : fputs.c.obj (.text:fputs)
                  0000266c    00000110     drivers_cc26x2.a : GPIOCC26XX.oem4f (.text:GPIO_setConfig)
                  0000277c    00000110                      : I2CCC26XX.oem4f (.text:I2C_open)
                  0000288c    00000110     rtsv7M4_T_le_v4SPD16_eabi.lib : s_scalbn.c.obj (.text:scalbn)
                  0000299c    000000fc                                   : fd_mul_t2.asm.obj (.text)
                  00002a98    000000f8     driverlib.lib : sys_ctrl.obj (.text:NOROM_SysCtrlStandby)
                  00002b90    000000f8     drivers_cc26x2.a : PINCC26XX.oem4f (.text:PINCC26XX_setIoCfg)
                  00002c88    000000ec                      : I2CCC26XX.oem4f (.text:I2CCC26XX_hwiFxn)
                  00002d74    000000dc     rtsv7M4_T_le_v4SPD16_eabi.lib : setvbuf.c.obj (.text:setvbuf)
                  00002e50    000000cc     VL53L1X_api.obj (.text:VL53L1X_SensorInit)
                  00002f1c    000000c8     dpl_cc26x2.a : PowerCC26X2_tirtos.oem4f (.text:PowerCC26XX_standbyPolicy)
                  00002fe4    000000c8     VL53L1X_api.obj (.text:VL53L1X_GetTimingBudgetInMs)
                  000030ac    000000c4     drivers_cc26x2.a : GPIOCC26XX.oem4f (.text:GPIO_init)
                  00003170    000000c0                      : PowerCC26X2.oem4f (.text:Power_releaseDependency)
                  00003230    000000c0     vl53l1x_application.obj (.text:i2cScanner)
                  000032f0    000000ba     drivers_cc26x2.a : I2CCC26XX.oem4f (.text:I2CCC26XX_swiFxn)
                  000033aa    00000002     release_pem4f.oem4f (.text:ti_sysbios_BIOS_nullFunc__I)
                  000033ac    000000b8     drivers_cc26x2.a : PowerCC26X2.oem4f (.text:Power_setDependency)
                  00003464    000000b1     rtsv7M4_T_le_v4SPD16_eabi.lib : _printfi.c.obj (.text:_ltostr)
                  00003515    00000001     --HOLE-- [fill = 0]
                  00003516    00000002     rom_sysbios.aem4f : rom_sysbios.obj (.text:xdc_runtime_SysCallback_defaultAbort)
                  00003518    000000ac     drivers_cc26x2.a : PINCC26XX.oem4f (.text:PIN_open)
                  000035c4    000000ac     driverlib.lib : setup.obj (.text:TrimAfterColdResetWakeupFromShutDown)
                  00003670    000000a0     auto_init.aem4f : auto_init.oem4f (.text)
                  00003710    0000009c     rtsv7M4_T_le_v4SPD16_eabi.lib : memcpy_t2.asm.obj (.text)
                  000037ac    00000098     driverlib.lib : setup.obj (.text:NOROM_SetupTrimDevice)
                  00003844    00000096     rtsv7M4_T_le_v4SPD16_eabi.lib : ull_div_t2.asm.obj (.text)
                  000038da    00000002     rom_sysbios.aem4f : rom_sysbios.obj (.text:xdc_runtime_SysCallback_defaultExit)
                  000038dc    00000094     vl53l1_platform.obj (.text:VL53L1_WrDWord)
                  00003970    0000008c     vl53l1_platform.obj (.text:VL53L1_RdWord)
                  000039fc    0000008c     rtsv7M4_T_le_v4SPD16_eabi.lib : fputc.c.obj (.text:fputc)
                  00003a88    00000088     drivers_cc26x2.a : I2CCC26XX.oem4f (.text:I2CSupport_primeTransfer)
                  00003b10    00000088     driverlib.lib : osc.obj (.text:NOROM_OSCHF_AttemptToSwitchToXosc)
                  00003b98    00000088     drivers_cc26x2.a : PowerCC26X2_calibrateRCOSC.oem4f (.text:calibrateRcoscHf2)
                  00003c20    00000088                      : PowerCC26X2.oem4f (.text:disableLFClockQualifiers)
                  00003ca8    00000088                      : PowerCC26X2_calibrateRCOSC.oem4f (.text:updateSubSecInc)
                  00003d30    00000086     rtsv7M4_T_le_v4SPD16_eabi.lib : fd_cmp_t2.asm.obj (.text:__aeabi_cdcmple)
                  00003db6    00000086                                   : fd_cmp_t2.asm.obj (.text:__aeabi_cdrcmple)
                  00003e3c    00000084     ti_drivers_config.obj (.text:Board_sendExtFlashByte)
                  00003ec0    00000084     rom_sysbios.aem4f : rom_sysbios.obj (.text:ti_sysbios_family_arm_m3_Hwi_excHandlerMin__I)
                  00003f44    00000082     vl53l1x_application.obj (.text:delay)
                  00003fc6    00000002     rom_sysbios.aem4f : rom_sysbios.obj (.text:xdc_runtime_SysCallback_defaultFlush)
                  00003fc8    00000080     driverlib.lib : sys_ctrl.obj (.text:NOROM_SysCtrlSetRechargeBeforePowerDown)
                  00004048    00000080     rom_sysbios.aem4f : rom_sysbios.obj (.text:ti_sysbios_family_arm_cc26xx_Timer_start__E)
                  000040c8    0000007c     vl53l1_platform.obj (.text:VL53L1_WrWord)
                  00004144    0000007a     rtsv7M4_T_le_v4SPD16_eabi.lib : memset_t2.asm.obj (.text)
                  000041be    00000002     rom_sysbios.aem4f : rom_sysbios.obj (.text:xdc_runtime_SysCallback_defaultPutch)
                  000041c0    00000078     vl53l1_platform.obj (.text:VL53L1_RdByte)
                  00004238    00000074     drivers_cc26x2.a : PowerCC26X2_calibrateRCOSC.oem4f (.text:PowerCC26X2_auxISR)
                  000042ac    00000074     rtsv7M4_T_le_v4SPD16_eabi.lib : fclose.c.obj (.text:__TI_closefile)
                  00004320    00000070     drivers_cc26x2.a : PINCC26XX.oem4f (.text:PIN_add)
                  00004390    0000006e     rtsv7M4_T_le_v4SPD16_eabi.lib : _printfi.c.obj (.text:_mcpy)
                  000043fe    00000002     --HOLE-- [fill = 0]
                  00004400    0000006d     rom_sysbios.aem4f : rom_sysbios.obj (.text:xdc_runtime_System_formatNum__I)
                  0000446d    00000003     --HOLE-- [fill = 0]
                  00004470    0000006c     rtsv7M4_T_le_v4SPD16_eabi.lib : hostrename.c.obj (.text:HOSTrename)
                  000044dc    0000006c     driverlib.lib : chipinfo.obj (.text:NOROM_ChipInfo_GetChipType)
                  00004548    0000006c     VL53L1X_api.obj (.text:VL53L1X_SetInterMeasurementInMs)
                  000045b4    00000068     rtsv7M4_T_le_v4SPD16_eabi.lib : hostlseek.c.obj (.text:HOSTlseek)
                  0000461c    00000068     driverlib.lib : osc.obj (.text:NOROM_OSCHF_SwitchToRcOscTurnOffXosc)
                  00004684    00000068     vl53l1_platform.obj (.text:VL53L1_WrByte)
                  000046ec    00000068     rtsv7M4_T_le_v4SPD16_eabi.lib : copy_decompress_lzss.c.obj (.text:decompress:lzss:__TI_decompress_lzss)
                  00004754    00000068                                   : printf.c.obj (.text:printf)
                  000047bc    00000066     VL53L1X_api.obj (.text:VL53L1X_CheckForDataReady)
                  00004822    00000002     --HOLE-- [fill = 0]
                  00004824    00000064     drivers_cc26x2.a : I2CCC26XX.oem4f (.text:I2CCC26XX_initIO)
                  00004888    00000064     rtsv7M4_T_le_v4SPD16_eabi.lib : s_frexp.c.obj (.text:frexp)
                  000048ec    00000064                                   : fseek.c.obj (.text:fseek)
                  00004950    00000062                                   : _io_perm.c.obj (.text:__TI_wrt_ok)
                  000049b2    00000002     --HOLE-- [fill = 0]
                  000049b4    00000060     drivers_cc26x2.a : GPIOCC26XX.oem4f (.text:GPIO_write)
                  00004a14    00000060     rtsv7M4_T_le_v4SPD16_eabi.lib : hostopen.c.obj (.text:HOSTopen)
                  00004a74    0000005c     drivers_cc26x2.a : PINCC26XX.oem4f (.text:PIN_remove)
                  00004ad0    0000005c     rtsv7M4_T_le_v4SPD16_eabi.lib : close.c.obj (.text:close)
                  00004b2c    0000005c     rom_sysbios.aem4f : rom_sysbios.obj (.text:ti_sysbios_heaps_HeapMem_initPrimary__I)
                  00004b88    0000005c     release_pem4f.oem4f (.text:xdc_runtime_Startup_getState__I)
                  00004be4    00000058     rtsv7M4_T_le_v4SPD16_eabi.lib : hostread.c.obj (.text:HOSTread)
                  00004c3c    00000058                                   : hostwrite.c.obj (.text:HOSTwrite)
                  00004c94    00000058     drivers_cc26x2.a : PowerCC26X2_calibrateRCOSC.oem4f (.text:PowerCC26X2_initiateCalibration)
                  00004cec    00000058     vl53l1_platform.obj (.text:_I2CRead)
                  00004d44    00000058     vl53l1_platform.obj (.text:_I2CWrite)
                  00004d9c    00000058     boot.aem4f : boot.oem4f (.text)
                  00004df4    00000056     rtsv7M4_T_le_v4SPD16_eabi.lib : _printfi.c.obj (.text:_pconv_f)
                  00004e4a    00000002     --HOLE-- [fill = 0]
                  00004e4c    00000054     driverlib.lib : prcm.obj (.text:NOROM_PRCMPowerDomainsAllOff)
                  00004ea0    00000054     dpl_cc26x2.a : SwiP_tirtos.oem4f (.text:SwiP_construct)
                  00004ef4    00000054     VL53L1X_api.obj (.text:VL53L1X_GetRangeStatus)
                  00004f48    00000054     rtsv7M4_T_le_v4SPD16_eabi.lib : _ltoa.c.obj (.text:__TI_ltoa)
                  00004f9c    00000052                                   : _printfi.c.obj (.text:_ecpy)
                  00004fee    0000004e     VL53L1X_api.obj (.text:VL53L1X_GetInterruptPolarity)
                  0000503c    0000004c     ti_drivers_config.obj (.text:Board_wakeUpExtFlash)
                  00005088    0000004c     driverlib.lib : prcm.obj (.text:NOROM_PRCMPowerDomainsAllOn)
                  000050d4    0000004c     rtsv7M4_T_le_v4SPD16_eabi.lib : fflush.c.obj (.text:__TI_doflush)
                  00005120    0000004c                                   : atoi.c.obj (.text:atoi)
                  0000516c    0000004c                                   : cpy_tbl.c.obj (.text:copy_in)
                  000051b8    00000048     drivers_cc26x2.a : I2CCC26XX.oem4f (.text:I2CCC26XX_initHw)
                  00005200    00000048                      : PowerCC26X2_calibrateRCOSC.oem4f (.text:PowerCC26X2_RCOSC_clockFunc)
                  00005248    00000048     rtsv7M4_T_le_v4SPD16_eabi.lib : fd_toi_t2.asm.obj (.text)
                  00005290    00000048     drivers_cc26x2.a : PowerCC26X2.oem4f (.text:switchXOSCHF)
                  000052d8    00000046     VL53L1X_api.obj (.text:VL53L1X_GetDistanceMode)
                  0000531e    00000002     --HOLE-- [fill = 0]
                  00005320    00000044     rtsv7M4_T_le_v4SPD16_eabi.lib : hostclose.c.obj (.text:HOSTclose)
                  00005364    00000044                                   : hostunlink.c.obj (.text:HOSTunlink)
                  000053a8    00000044     driverlib.lib : chipinfo.obj (.text:NOROM_ChipInfo_GetHwRevision)
                  000053ec    00000044     drivers_cc26x2.a : PINCC26XX.oem4f (.text:PIN_swi)
                  00005430    00000044     rtsv7M4_T_le_v4SPD16_eabi.lib : getdevice.c.obj (.text:getdevice)
                  00005474    00000044                                   : fd_tou_t2.asm.obj (.text)
                  000054b8    00000040     ti_drivers_config.obj (.text:Board_shutDownExtFlash)
                  000054f8    00000040     dpl_cc26x2.a : ClockP_tirtos.oem4f (.text:ClockP_construct)
                  00005538    00000040     driverlib.lib : osc.obj (.text:NOROM_OSC_HPOSCRelativeFrequencyOffsetGet)
                  00005578    00000040     rtsv7M4_T_le_v4SPD16_eabi.lib : u_divt2.asm.obj (.text)
                  000055b8    00000040     rom_sysbios.aem4f : rom_sysbios.obj (.text:ti_sysbios_family_arm_cc26xx_Timer_setThreshold__I)
                  000055f8    0000003e     dpl_cc26x2.a : HwiP_tirtos.oem4f (.text:HwiP_construct)
                  00005636    0000003e     rtsv7M4_T_le_v4SPD16_eabi.lib : _printfi.c.obj (.text:_fcpy)
                  00005674    0000003c     drivers_cc26x2.a : PINCC26XX.oem4f (.text:PIN_setOutputValue)
                  000056b0    0000003c     main_tirtos.obj (.text:main)
                  000056ec    0000003c     rom_sysbios.aem4f : rom_sysbios.obj (.text:ti_sysbios_family_arm_m3_Hwi_construct2__E)
                  00005728    00000038     drivers_cc26x2.a : PINCC26XX.oem4f (.text:PIN_setConfig)
                  00005760    00000038     VL53L1X_api.obj (.text:VL53L1X_BootState)
                  00005798    00000038     VL53L1X_api.obj (.text:VL53L1X_GetDistance)
                  000057d0    00000038     rtsv7M4_T_le_v4SPD16_eabi.lib : trgmsg.c.obj (.text:__TI_writemsg)
                  00005808    00000038     drivers_cc26x2.a : PowerCC26X2.oem4f (.text:notify)
                  00005840    00000038     rtsv7M4_T_le_v4SPD16_eabi.lib : fs_tod_t2.asm.obj (.text)
                  00005878    00000036                                   : strncpy.c.obj (.text:strncpy)
                  000058ae    00000036     rom_sysbios.aem4f : rom_sysbios.obj (.text:ti_sysbios_family_arm_cc26xx_Timer_setNextTick__E)
                  000058e4    00000034     drivers_cc26x2.a : GPIOCC26XX.oem4f (.text:GPIO_toggle)
                  00005918    00000034     driverlib.lib : aux_sysif.obj (.text:NOROM_AUXSYSIFOpModeChange)
                  0000594c    00000034                   : sys_ctrl.obj (.text:NOROM_SysCtrlIdle)
                  00005980    00000034     rtsv7M4_T_le_v4SPD16_eabi.lib : fopen.c.obj (.text:__TI_cleanup)
                  000059b4    00000034                                   : trgmsg.c.obj (.text:__TI_readmsg)
                  000059e8    00000030     drivers_cc26x2.a : GPIOCC26XX.oem4f (.text:GPIO_hwiIntFxn)
                  00005a18    00000030                      : GPIOCC26XX.oem4f (.text:GPIO_setCallback)
                  00005a48    00000030                      : PINCC26XX.oem4f (.text:PINCC26XX_setMux)
                  00005a78    00000030                      : PowerCC26X2.oem4f (.text:Power_releaseConstraint)
                  00005aa8    00000030                      : PowerCC26X2.oem4f (.text:Power_setConstraint)
                  00005ad8    00000030     rtsv7M4_T_le_v4SPD16_eabi.lib : getdevice.c.obj (.text:finddevice)
                  00005b08    00000030     release_pem4f.oem4f (.text:ti_sysbios_BIOS_atExitFunc__I)
                  00005b38    00000030     release_pem4f.oem4f (.text:ti_sysbios_BIOS_startFunc__I)
                  00005b68    00000030     rom_sysbios.aem4f : rom_sysbios.obj (.text:ti_sysbios_family_arm_cc26xx_Timer_getCurrentTick__E)
                  00005b98    00000030                       : rom_sysbios.obj (.text:ti_sysbios_family_arm_cc26xx_Timer_initDevice__I)
                  00005bc8    0000002e     rtsv7M4_T_le_v4SPD16_eabi.lib : i_tofd_t2.asm.obj (.text)
                  00005bf6    0000002e     release_pem4f.oem4f (.text:ti_sysbios_rts_MemAlloc_alloc)
                  00005c24    0000002c     dpl_cc26x2.a : SemaphoreP_tirtos.oem4f (.text:SemaphoreP_constructBinary)
                  00005c50    0000002c                  : SemaphoreP_tirtos.oem4f (.text:SemaphoreP_createBinary)
                  00005c7c    0000002c     rom_sysbios.aem4f : rom_sysbios.obj (.text:_pthread_delete$45)
                  00005ca8    0000002c                       : rom_sysbios.obj (.text:ti_sysbios_knl_Clock_getTicksUntilInterrupt__E)
                  00005cd4    0000002c     rtsv7M4_T_le_v4SPD16_eabi.lib : unlink.c.obj (.text:unlink)
                  00005d00    00000028     drivers_cc26x2.a : PowerCC26X2.oem4f (.text:Power_registerNotify)
                  00005d28    00000028     rtsv7M4_T_le_v4SPD16_eabi.lib : lseek.c.obj (.text:lseek)
                  00005d50    00000028     drivers_cc26x2.a : PowerCC26X2.oem4f (.text:oscillatorISR)
                  00005d78    00000028     rtsv7M4_T_le_v4SPD16_eabi.lib : write.c.obj (.text:write)
                  00005da0    00000026     drivers_cc26x2.a : I2C.oem4f (.text:I2C_cancel)
                  00005dc6    00000026                      : List.oem4f (.text:List_put)
                  00005dec    00000026     VL53L1X_api.obj (.text:VL53L1X_ClearInterrupt)
                  00005e12    00000026     VL53L1X_api.obj (.text:VL53L1X_StartRanging)
                  00005e38    00000026     VL53L1X_api.obj (.text:VL53L1X_StopRanging)
                  00005e5e    00000002     --HOLE-- [fill = 0]
                  00005e60    00000024     driverlib.lib : osc.obj (.text:NOROM_OSCHF_TurnOnXosc)
                  00005e84    00000024     rom_sysbios.aem4f : rom_sysbios.obj (.text:_pthread_cleanupFxn)
                  00005ea8    00000024     drivers_cc26x2.a : PowerCC26X2_calibrateRCOSC.oem4f (.text:getTdcSemaphore)
                  00005ecc    00000024     release_pem4f.oem4f (.text:ti_sysbios_BIOS_registerRTSLock__I)
                  00005ef0    00000024     release_pem4f.oem4f (.text:ti_sysbios_BIOS_removeRTSLock__I)
                  00005f14    00000024     rom_sysbios.aem4f : rom_sysbios.obj (.text:ti_sysbios_family_arm_cc26xx_Timer_getMaxTicks__E)
                  00005f38    00000020     ti_drivers_config.obj (.text:Board_init)
                  00005f58    00000020     drivers_cc26x2.a : PINCC26XX.oem4f (.text:PINCC26XX_setIoCfgMux)
                  00005f78    00000020     rtsv7M4_T_le_v4SPD16_eabi.lib : memchr.c.obj (.text:memchr)
                  00005f98    00000020                                   : u_tofd_t2.asm.obj (.text)
                  00005fb8    00000020     release_pem4f.oem4f (.text:ti_sysbios_BIOS_rtsLock__I)
                  00005fd8    00000020     rom_sysbios.aem4f : rom_sysbios.obj (.text:ti_sysbios_family_arm_cc26xx_Timer_dynamicStub__E)
                  00005ff8    00000020                       : rom_sysbios.obj (.text:xdc_runtime_Error_policyMin__E)
                  00006018    0000001e     drivers_cc26x2.a : PINCC26XX.oem4f (.text:PIN_close)
                  00006036    0000001e                      : PowerCC26X2.oem4f (.text:Power_getTransitionLatency)
                  00006054    0000001c     driverlib.lib : chipinfo.obj (.text:NOROM_ChipInfo_GetChipFamily)
                  00006070    0000001c     drivers_cc26x2.a : PINCC26XX.oem4f (.text:PIN_hwi)
                  0000608c    0000001c     dpl_cc26x2.a : PowerCC26X2_tirtos.oem4f (.text:PowerCC26XX_schedulerDisable)
                  000060a8    0000001c                  : PowerCC26X2_tirtos.oem4f (.text:PowerCC26XX_schedulerRestore)
                  000060c4    0000001c     rtsv7M4_T_le_v4SPD16_eabi.lib : memccpy.c.obj (.text:memccpy)
                  000060e0    0000001c     rom_sysbios.aem4f : rom_sysbios.obj (.text:ti_sysbios_knl_Swi_construct2__E)
                  000060fc    0000001c     release_pem4f.oem4f (.text:xdc_runtime_Startup_exec__I)
                  00006118    0000001a     drivers_cc26x2.a : PowerCC26X2.oem4f (.text:PowerCC26XX_calibrate)
                  00006132    0000001a     rtsv7M4_T_le_v4SPD16_eabi.lib : s_copysign.c.obj (.text:copysign)
                  0000614c    0000001a     release_pem4f.oem4f (.text:free)
                  00006166    00000002     --HOLE-- [fill = 0]
                  00006168    00000018     driverlib.lib : chipinfo.obj (.text:NOROM_ChipInfo_GetPackageType)
                  00006180    00000018     drivers_cc26x2.a : PowerCC26X2.oem4f (.text:Power_idleFunc)
                  00006198    00000018     rtsv7M4_T_le_v4SPD16_eabi.lib : args_main.c.obj (.text:_args_main)
                  000061b0    00000018                                   : ll_mul_t2.asm.obj (.text)
                  000061c8    00000018                                   : strcmp.c.obj (.text:strcmp)
                  000061e0    00000018     drivers_cc26x2.a : PowerCC26X2.oem4f (.text:switchToTCXO)
                  000061f8    00000018     release_pem4f.oem4f (.text:ti_sysbios_BIOS_rtsUnlock__I)
                  00006210    00000018     rom_sysbios.aem4f : rom_sysbios.obj (.text:ti_sysbios_knl_Swi_or__E)
                  00006228    00000018                       : rom_sysbios.obj (.text:ti_sysbios_rts_ti_ReentSupport_getReent__F)
                  00006240    00000018                       : rom_sysbios.obj (.text:xdc_runtime_Error_init__E)
                  00006258    00000016     driverlib.lib : chipinfo.obj (.text:NOROM_ThisLibraryIsFor_CC13x2_CC26x2_HwRev20AndLater_HaltIfViolated)
                  0000626e    00000016     rtsv7M4_T_le_v4SPD16_eabi.lib : strchr.c.obj (.text:strchr)
                  00006284    00000016     release_pem4f.oem4f (.text:ti_sysbios_BIOS_exitFunc__I)
                  0000629a    00000016     main_tirtos.obj (.text:ti_sysbios_knl_Task_Params_init)
                  000062b0    00000014     drivers_cc26x2.a : I2CCC26XX.oem4f (.text:I2CSupport_masterFinish)
                  000062c4    00000014                      : I2C.oem4f (.text:I2C_transfer)
                  000062d8    00000014                      : PowerCC26X2_calibrateRCOSC.oem4f (.text:PowerCC26X2_calibrate)
                  000062ec    00000014     rtsv7M4_T_le_v4SPD16_eabi.lib : strcpy.c.obj (.text:strcpy)
                  00006300    00000014     rom_sysbios.aem4f : rom_sysbios.obj (.text:ti_sysbios_family_arm_cc26xx_Timer_getCount64__E)
                  00006314    00000014     release_pem4f.oem4f (.text:ti_sysbios_knl_Clock_doTick__I)
                  00006328    00000012     dpl_cc26x2.a : SemaphoreP_tirtos.oem4f (.text:SemaphoreP_pend)
                  0000633a    00000012     rtsv7M4_T_le_v4SPD16_eabi.lib : wcslen.c.obj (.text:wcslen)
                  0000634c    00000010     dpl_cc26x2.a : HwiP_tirtos.oem4f (.text:HwiP_Params_init)
                  0000635c    00000010     drivers_cc26x2.a : I2CCC26XX.oem4f (.text:I2CCC26XX_postNotify)
                  0000636c    00000010                      : I2C.oem4f (.text:I2C_Params_init)
                  0000637c    00000010                      : PINCC26XX.oem4f (.text:PINCC26XX_getPinCount)
                  0000638c    00000010     dpl_cc26x2.a : SwiP_tirtos.oem4f (.text:SwiP_Params_init)
                  0000639c    0000000e     rtsv7M4_T_le_v4SPD16_eabi.lib : copy_decompress_none.c.obj (.text:decompress:none:__TI_decompress_none)
                  000063aa    0000000e     rom_sysbios.aem4f : rom_sysbios.obj (.text:ti_sysbios_family_arm_cc26xx_TimestampProvider_get32__E)
                  000063b8    0000000c     dpl_cc26x2.a : ClockP_tirtos.oem4f (.text:ClockP_getSystemTickPeriod)
                  000063c4    0000000c     driverlib.lib : cpu.obj (.text:NOROM_CPUcpsid)
                  000063d0    0000000c                   : cpu.obj (.text:NOROM_CPUcpsie)
                  000063dc    0000000c     drivers_cc26x2.a : PINCC26XX.oem4f (.text:PIN_registerIntCb)
                  000063e8    0000000c                      : PowerCC26X2.oem4f (.text:Power_getConstraintMask)
                  000063f4    0000000c                      : PowerCC26X2.oem4f (.text:Power_getDependencyCount)
                  00006400    0000000c     dpl_cc26x2.a : SemaphoreP_tirtos.oem4f (.text:SemaphoreP_delete)
                  0000640c    0000000c     rtsv7M4_T_le_v4SPD16_eabi.lib : _lock.c.obj (.text:_register_lock)
                  00006418    0000000c                                   : _lock.c.obj (.text:_register_unlock)
                  00006424    0000000c                                   : copy_zero_init.c.obj (.text:decompress:ZI:__TI_zero_init)
                  00006430    0000000c     rom_sysbios.aem4f : rom_sysbios.obj (.text:ti_sysbios_knl_Swi_getTrigger__E)
                  0000643c    0000000a     dpl_cc26x2.a : ClockP_tirtos.oem4f (.text:ClockP_Params_init)
                  00006446    0000000a     release_pem4f.oem4f (.text:ti_sysbios_rts_ti_ReentSupport_getTlsAddr__I)
                  00006450    00000008     drivers_cc26x2.a : I2CCC26XX.oem4f (.text:I2CCC26XX_blockingCallback)
                  00006458    00000008     release_pem4f.oem4f (.text:xdc_runtime_Text_visitRope__I)
                  00006460    00000006     drivers_cc26x2.a : I2CCC26XX.oem4f (.text:I2CSupport_powerRelConstraint)
                  00006466    00000006                      : I2CCC26XX.oem4f (.text:I2CSupport_powerSetConstraint)
                  0000646c    00000006     driverlib.lib : cpu.obj (.text:NOROM_CPUdelay)
                  00006472    00000006     drivers_cc26x2.a : PowerCC26X2.oem4f (.text:delayUs)
                  00006478    00000004     dpl_cc26x2.a : PowerCC26X2_tirtos.oem4f (.text:CPUwfi)
                  0000647c    00000004                  : ClockP_tirtos.oem4f (.text:ClockP_getCpuFreq)
                  00006480    00000004                  : ClockP_tirtos.oem4f (.text:ClockP_start)
                  00006484    00000004                  : ClockP_tirtos.oem4f (.text:ClockP_stop)
                  00006488    00000004                  : HwiP_tirtos.oem4f (.text:HwiP_disable)
                  0000648c    00000004                  : HwiP_tirtos.oem4f (.text:HwiP_disableInterrupt)
                  00006490    00000004                  : HwiP_tirtos.oem4f (.text:HwiP_enableInterrupt)
                  00006494    00000004                  : SemaphoreP_tirtos.oem4f (.text:SemaphoreP_post)
                  00006498    00000004                  : SwiP_tirtos.oem4f (.text:SwiP_getTrigger)
                  0000649c    00000004                  : SwiP_tirtos.oem4f (.text:SwiP_or)
                  000064a0    00000004                  : SwiP_tirtos.oem4f (.text:SwiP_post)
                  000064a4    00000004     rom_sysbios.aem4f : rom_sysbios.obj (.text:__aeabi_errno_addr)
                  000064a8    00000004     rtsv7M4_T_le_v4SPD16_eabi.lib : printf.c.obj (.text:_outc)
                  000064ac    00000004                                   : printf.c.obj (.text:_outs)
                  000064b0    00000004     drivers_cc26x2.a : PowerCC26X2.oem4f (.text:configureRFCoreClocks)
                  000064b4    00000004                      : PowerCC26X2.oem4f (.text:nopResourceHandler)
                  000064b8    00000004     release_pem4f.oem4f (.text:xdc_runtime_Startup_reset__I)
                  000064bc    00000004     rom_sysbios.aem4f : rom_sysbios.obj (.text:xdc_runtime_SysCallback_defaultReady)
                  000064c0    00000008     (.tramp.ti_sysbios_knl_Semaphore_post__E.1)
                  000064c8    00000008     (.tramp.ti_sysbios_family_arm_m3_Hwi_enableInterrupt__E.1)
                  000064d0    00000008     (.tramp.ti_sysbios_family_arm_m3_Hwi_disableInterrupt__E.1)
                  000064d8    00000008     (.tramp.ti_sysbios_family_arm_m3_Hwi_disableFxn__E.1)
                  000064e0    00000008     (.tramp.ti_sysbios_BIOS_getCpuFreq__E.1)
                  000064e8    00000008     (.tramp.ti_sysbios_knl_Task_self__E.1)
                  000064f0    00000008     (.tramp.ti_sysbios_knl_Semaphore_delete.1)
                  000064f8    00000008     (.tramp.ti_sysbios_knl_Semaphore_pend__E.1)
                  00006500    00000008     (.tramp.ti_sysbios_knl_Clock_logTick__E.1)
                  00006508    00000008     (.tramp.ti_sysbios_knl_Task_Params__init__S.1)
                  00006510    00000008     (.tramp.ti_sysbios_BIOS_getThreadType__E.1)
                  00006518    00000008     (.tramp.ti_sysbios_knl_Swi_post__E.1)
                  00006520    00000008     (.tramp.ti_sysbios_BIOS_RtsGateProxy_leave__E.1)
                  00006528    00000008     (.tramp.ti_sysbios_knl_Swi_construct.1)
                  00006530    00000008     (.tramp.ti_sysbios_knl_Swi_restore__E.1)
                  00006538    00000008     (.tramp.ti_sysbios_BIOS_RtsGateProxy_enter__E.1)
                  00006540    00000008     (.tramp.ti_sysbios_knl_Task_restore__E.1)
                  00006548    00000008     (.tramp.ti_sysbios_knl_Clock_TimerProxy_getCurrentTick__E.1)
                  00006550    00000008     (.tramp.xdc_runtime_Memory_free__E.1)
                  00006558    00000008     (.tramp.ti_sysbios_knl_Task_delete.1)
                  00006560    00000008     (.tramp.ti_sysbios_knl_Semaphore_destruct.1)
                  00006568    00000008     (.tramp.ti_sysbios_knl_Semaphore_create.1)
                  00006570    00000008     (.tramp.ti_sysbios_knl_Semaphore_construct.1)
                  00006578    00000008     (.tramp.ti_sysbios_knl_Semaphore_Params__init__S.1)
                  00006580    00000008     (.tramp.xdc_runtime_Memory_alloc__E.1)
                  00006588    00000008     (.tramp.ti_sysbios_knl_Task_startup__E.1)
                  00006590    00000008     (.tramp.ti_sysbios_knl_Swi_startup__E.1)
                  00006598    00000008     (.tramp.ti_sysbios_hal_Hwi_startup__E.1)
                  000065a0    00000008     (.tramp.ti_sysbios_family_arm_cc26xx_Timer_startup__E.1)
                  000065a8    00000008     (.tramp.xdc_runtime_System_atexit__E.1)
                  000065b0    00000008     (.tramp.ti_sysbios_BIOS_linkedWithIncorrectBootLibrary__E.1)
                  000065b8    00000008     (.tramp.xdc_runtime_Startup_rtsDone__E.1)
                  000065c0    00000008     (.tramp.ti_sysbios_knl_Task_disable__E.1)
                  000065c8    00000008     (.tramp.ti_sysbios_knl_Swi_disable__E.1)
                  000065d0    00000008     (.tramp.ti_sysbios_family_arm_m3_Hwi_construct.1)
                  000065d8    00000008     (.tramp.ti_sysbios_BIOS_start__E.1)
                  000065e0    00000008     (.tramp.ti_sysbios_knl_Task_construct.1)
                  000065e8    00000008     (.tramp.ti_sysbios_family_arm_m3_Hwi_Params__init__S.1)
                  000065f0    00000008     (.tramp.ti_sysbios_knl_Clock_construct.1)
                  000065f8    00000008     (.tramp.ti_sysbios_knl_Clock_Params__init__S.1)
                  00006600    00000008     (.tramp.ti_sysbios_knl_Swi_Params__init__S.1)
                  00006608    00000008     (.tramp.xdc_runtime_System_exit__E.1)
                  00006610    00000008     (.tramp.ti_sysbios_heaps_HeapMem_restore__E.1)
                  00006618    00000008     (.tramp.ti_sysbios_heaps_HeapMem_Object__get__S.1)
                  00006620    00000008     (.tramp.xdc_runtime_Error_raiseX__E.1)
                  00006628    00000008     (.tramp.ti_sysbios_BIOS_setThreadType__E.1)
                  00006630    00000008     (.tramp.ti_sysbios_family_arm_m3_Hwi_excFillContext__I.1)
                  00006638    00000008     (.tramp.ti_sysbios_knl_Clock_stop__E.1)
                  00006640    00000008     (.tramp.ti_sysbios_knl_Clock_start__E.1)
                  00006648    00000008     (.tramp.ti_sysbios_knl_Clock_setTimeout__E.1)
                  00006650    00000008     (.tramp.ti_sysbios_family_arm_m3_Hwi_restoreFxn__E.1)
                  00006658    00000008     (.tramp.xdc_runtime_System_doPrint__I.1)
                  00006660    00000008     (.tramp.strlen.1)

.const     0    00006668    000007bf     
                  00006668    000003b8     release_pem4f.oem4f (.const:ROM_constStruct)
                  00006a20    00000101     rtsv7M4_T_le_v4SPD16_eabi.lib : ctype.c.obj (.const:.string:_ctypes_)
                  00006b21    0000005b     VL53L1X_api.obj (.const:.string:VL51L1X_DEFAULT_CONFIGURATION)
                  00006b7c    00000054     drivers_cc26x2.a : PowerCC26X2.oem4f (.const:resourceDB)
                  00006bd0    00000048     release_pem4f.oem4f (.const:.string)
                  00006c18    00000048     release_pem4f.oem4f (.const:ROM_externFuncPtrs)
                  00006c60    00000024     release_pem4f.oem4f (.const:xdc_runtime_Startup_sfxnTab__A)
                  00006c84    00000020     vl53l1_platform.obj (.const:$P$T0$1)
                  00006ca4    00000020     vl53l1x_application.obj (.const:$P$T0$1)
                  00006cc4    00000020     vl53l1_platform.obj (.const:$P$T1$2)
                  00006ce4    00000018     VL53L1X_api.obj (.const:.string:status_rtn)
                  00006cfc    00000018     ti_drivers_config.obj (.const:i2cCC26xxHWAttrs)
                  00006d14    00000018     drivers_cc26x2.a : GPIOCC26XX.oem4f (.const:interruptType)
                  00006d2c    00000014     ti_drivers_config.obj (.const:$P$T1$2)
                  00006d40    00000014     ti_drivers_config.obj (.const:GPIOCC26XX_config)
                  00006d54    00000014     ti_drivers_config.obj (.const:PowerCC26X2_config)
                  00006d68    00000012     release_pem4f.oem4f (.const:xdc_runtime_Startup_sfxnRts__A)
                  00006d7a    00000001     release_pem4f.oem4f (.const:xdc_runtime_Text_charTab__A)
                  00006d7b    00000001     --HOLE-- [fill = 0]
                  00006d7c    00000010     ti_drivers_config.obj (.const:BoardGpioInitTable)
                  00006d8c    00000010     drivers_cc26x2.a : I2C.oem4f (.const:I2C_defaultParams)
                  00006d9c    00000010                      : I2CCC26XX.oem4f (.const:I2C_defaultParams)
                  00006dac    00000010                      : GPIOCC26XX.oem4f (.const:outPinTypes)
                  00006dbc    0000000c                      : GPIOCC26XX.oem4f (.const:inPinTypes)
                  00006dc8    0000000c                      : GPIOCC26XX.oem4f (.const:outPinStrengths)
                  00006dd4    0000000c     release_pem4f.oem4f (.const:xdc_runtime_Startup_firstFxns__A)
                  00006de0    00000008     driverlib.lib : aux_sysif.obj (.const:$O1$$)
                  00006de8    00000008     ti_drivers_config.obj (.const:$P$T0$1)
                  00006df0    00000008     ti_drivers_config.obj (.const:I2C_config)
                  00006df8    00000008     ti_drivers_config.obj (.const:PINCC26XX_hwAttrs)
                  00006e00    00000008     release_pem4f.oem4f (.const:ti_sysbios_family_arm_m3_Hwi_excHookFuncs__A)
                  00006e08    00000008     release_pem4f.oem4f (.const:ti_sysbios_knl_Idle_funcList__A)
                  00006e10    00000004     release_pem4f.oem4f (.const:ti_sysbios_family_arm_m3_Hwi_E_exception__C)
                  00006e14    00000004     release_pem4f.oem4f (.const:ti_sysbios_heaps_HeapMem_primaryHeapBaseAddr__C)
                  00006e18    00000004     release_pem4f.oem4f (.const:ti_sysbios_heaps_HeapMem_primaryHeapEndAddr__C)
                  00006e1c    00000004     release_pem4f.oem4f (.const:ti_sysbios_knl_Clock_tickPeriod__C)
                  00006e20    00000004     release_pem4f.oem4f (.const:ti_sysbios_knl_Task_Object__heap__C)
                  00006e24    00000003     ti_drivers_config.obj (.const)

MODULE SUMMARY

       Module                             code    ro data   rw data
       ------                             ----    -------   -------
    .\
       main_tirtos.obj                    82      0         1104   
       vl53l1x_application.obj            834     32        29     
    +--+----------------------------------+-------+---------+---------+
       Total:                             916     32        1133   
                                                                   
    .\syscfg\
       ti_drivers_config.obj              306     127       332    
       ti_devices_config.obj              0       88        0      
    +--+----------------------------------+-------+---------+---------+
       Total:                             306     215       332    
                                                                   
    .\vl53l1x\
       VL53L1X_api.obj                    1962    115       0      
       vl53l1_platform.obj                812     64        256    
    +--+----------------------------------+-------+---------+---------+
       Total:                             2774    179       256    
                                                                   
    C:\Users\dbhai\workspace_v11\tirtos_builds_cc13x2_cc26x2_release_ccs\Debug\configPkg\package\cfg\
       release_pem4f.oem4f                874     1259      1830   
    +--+----------------------------------+-------+---------+---------+
       Total:                             874     1259      1830   
                                                                   
    C:/ti/simplelink_cc13x2_26x2_sdk_4_30_00_54/kernel/tirtos/packages/ti/dpl/lib/ccs/m4f/dpl_cc26x2.a
       PowerCC26X2_tirtos.oem4f           260     0         8      
       SemaphoreP_tirtos.oem4f            122     0         0      
       SwiP_tirtos.oem4f                  112     0         0      
       ClockP_tirtos.oem4f                98      0         0      
       HwiP_tirtos.oem4f                  90      0         0      
    +--+----------------------------------+-------+---------+---------+
       Total:                             682     0         8      
                                                                   
    C:/ti/simplelink_cc13x2_26x2_sdk_4_30_00_54/source/ti/devices/cc13x2_cc26x2/driverlib/bin/ccs/driverlib.lib
       sys_ctrl.obj                       428     0         0      
       osc.obj                            340     0         36     
       setup.obj                          324     0         0      
       chipinfo.obj                       250     0         0      
       prcm.obj                           160     0         0      
       aux_sysif.obj                      52      8         0      
       cpu.obj                            30      0         0      
       driverlib_release.obj              0       0         1      
    +--+----------------------------------+-------+---------+---------+
       Total:                             1584    8         37     
                                                                   
    C:/ti/simplelink_cc13x2_26x2_sdk_4_30_00_54/source/ti/drivers/lib/ccs/m4f/drivers_cc26x2.a
       PowerCC26X2.oem4f                  2028    84        368    
       PINCC26XX.oem4f                    1434    0         328    
       PowerCC26X2_calibrateRCOSC.oem4f   1400    0         0      
       I2CCC26XX.oem4f                    1058    16        0      
       GPIOCC26XX.oem4f                   712     64        61     
       I2C.oem4f                          366     16        0      
       List.oem4f                         38      0         0      
    +--+----------------------------------+-------+---------+---------+
       Total:                             7036    180       757    
                                                                   
    C:\Users\dbhai\workspace_v11\tirtos_builds_cc13x2_cc26x2_release_ccs\src\sysbios\rom_sysbios.aem4f
       rom_sysbios.obj                    1121    0         136    
    +--+----------------------------------+-------+---------+---------+
       Total:                             1121    0         136    
                                                                   
    C:\ti\ccs1000\ccs\tools\compiler\ti-cgt-arm_20.2.3.LTS\lib\rtsv7M4_T_le_v4SPD16_eabi.lib
       _printfi.c.obj                     4851    0         0      
       fd_add_t2.asm.obj                  438     0         0      
       defs.c.obj                         0       0         416    
       trgmsg.c.obj                       108     0         288    
       fd_div_t2.asm.obj                  310     0         0      
       fputs.c.obj                        276     0         0      
       s_scalbn.c.obj                     272     0         0      
       fd_cmp_t2.asm.obj                  268     0         0      
       ctype.c.obj                        0       257       0      
       fd_mul_t2.asm.obj                  252     0         0      
       setvbuf.c.obj                      220     0         0      
       host_device.c.obj                  0       0         200    
       memcpy_t2.asm.obj                  156     0         0      
       ull_div_t2.asm.obj                 150     0         0      
       fputc.c.obj                        140     0         0      
       memset_t2.asm.obj                  122     0         0      
       fclose.c.obj                       116     0         0      
       getdevice.c.obj                    116     0         0      
       printf.c.obj                       112     0         0      
       hostrename.c.obj                   108     0         0      
       copy_decompress_lzss.c.obj         104     0         0      
       hostlseek.c.obj                    104     0         0      
       hostopen.c.obj                     96      0         8      
       fseek.c.obj                        100     0         0      
       s_frexp.c.obj                      100     0         0      
       _io_perm.c.obj                     98      0         0      
       close.c.obj                        92      0         0      
       hostread.c.obj                     88      0         0      
       hostwrite.c.obj                    88      0         0      
       _ltoa.c.obj                        84      0         0      
       atoi.c.obj                         76      0         0      
       cpy_tbl.c.obj                      76      0         0      
       fflush.c.obj                       76      0         0      
       fd_toi_t2.asm.obj                  72      0         0      
       fd_tou_t2.asm.obj                  68      0         0      
       hostclose.c.obj                    68      0         0      
       hostunlink.c.obj                   68      0         0      
       u_divt2.asm.obj                    64      0         0      
       fs_tod_t2.asm.obj                  56      0         0      
       strncpy.c.obj                      54      0         0      
       fopen.c.obj                        52      0         0      
       i_tofd_t2.asm.obj                  46      0         0      
       unlink.c.obj                       44      0         0      
       lseek.c.obj                        40      0         0      
       write.c.obj                        40      0         0      
       _lock.c.obj                        26      0         8      
       memchr.c.obj                       32      0         0      
       u_tofd_t2.asm.obj                  32      0         0      
       memccpy.c.obj                      28      0         0      
       s_copysign.c.obj                   26      0         0      
       args_main.c.obj                    24      0         0      
       ll_mul_t2.asm.obj                  24      0         0      
       strcmp.c.obj                       24      0         0      
       strchr.c.obj                       22      0         0      
       strcpy.c.obj                       20      0         0      
       wcslen.c.obj                       18      0         0      
       copy_decompress_none.c.obj         14      0         0      
       copy_zero_init.c.obj               12      0         0      
       exit.c.obj                         0       0         12     
       stkdepth_vars.c.obj                0       0         4      
       div0.asm.obj                       2       0         0      
    +--+----------------------------------+-------+---------+---------+
       Total:                             10173   257       936    
                                                                   
    C:\ti\simplelink_cc13x2_26x2_sdk_4_30_00_54\kernel\tirtos\packages\ti\targets\arm\rtsarm\lib\auto_init.aem4f
       auto_init.oem4f                    160     0         0      
    +--+----------------------------------+-------+---------+---------+
       Total:                             160     0         0      
                                                                   
    C:\ti\simplelink_cc13x2_26x2_sdk_4_30_00_54\kernel\tirtos\packages\ti\targets\arm\rtsarm\lib\boot.aem4f
       boot.oem4f                         88      0         0      
    +--+----------------------------------+-------+---------+---------+
       Total:                             88      0         0      
                                                                   
       Stack:                             0       0         1024   
       Linker Generated:                  424     558       0      
    +--+----------------------------------+-------+---------+---------+
       Grand Total:                       26138   2688      6449   


LINKER GENERATED COPY TABLES

__TI_cinit_table @ 00007030 records: 5, size/record: 8, table size: 40
	.data: load addr=00006e28, load size=000001da bytes, run addr=20004de0, run size=00000780 bytes, compression=lzss
	.bss: load addr=00007010, load size=00000008 bytes, run addr=20004110, run size=00000cd0 bytes, compression=zero_init
	.data:xdcRomConstPtr: load addr=00007018, load size=00000008 bytes, run addr=20000100, run size=00000004 bytes, compression=lzss
	.data:xdcRomExternFuncPtr: load addr=00007020, load size=00000008 bytes, run addr=20000104, run size=00000004 bytes, compression=lzss
	.data:xdcRomStatePtr: load addr=00007028, load size=00000008 bytes, run addr=20000108, run size=00000004 bytes, compression=lzss


LINKER GENERATED HANDLER TABLE

__TI_handler_table @ 00007004 records: 3, size/record: 4, table size: 12
	index: 0, handler: __TI_decompress_lzss
	index: 1, handler: __TI_decompress_none
	index: 2, handler: __TI_zero_init


FAR CALL TRAMPOLINES

callee name               trampoline name
   callee addr  tramp addr   call addr  call info
--------------  -----------  ---------  ----------------
ti_sysbios_knl_Semaphore_post__E  $Tramp$TT$L$PI$$ti_sysbios_knl_Semaphore_post__E
   1002cd21     000064c0     00006494   dpl_cc26x2.a : SemaphoreP_tirtos.oem4f (.text:SemaphoreP_post)
ti_sysbios_family_arm_m3_Hwi_enableInterrupt__E  $Tramp$TT$L$PI$$ti_sysbios_family_arm_m3_Hwi_enableInterrupt__E
   1002d91d     000064c8     00006490   dpl_cc26x2.a : HwiP_tirtos.oem4f (.text:HwiP_enableInterrupt)
ti_sysbios_family_arm_m3_Hwi_disableInterrupt__E  $Tramp$TT$L$PI$$ti_sysbios_family_arm_m3_Hwi_disableInterrupt__E
   1002d8d9     000064d0     0000648c   dpl_cc26x2.a : HwiP_tirtos.oem4f (.text:HwiP_disableInterrupt)
ti_sysbios_family_arm_m3_Hwi_disableFxn__E  $Tramp$TT$L$PI$$ti_sysbios_family_arm_m3_Hwi_disableFxn__E
   1002eb55     000064d8     00006488   dpl_cc26x2.a : HwiP_tirtos.oem4f (.text:HwiP_disable)
ti_sysbios_BIOS_getCpuFreq__E  $Tramp$TT$L$PI$$ti_sysbios_BIOS_getCpuFreq__E
   1002e9fd     000064e0     0000647c   dpl_cc26x2.a : ClockP_tirtos.oem4f (.text:ClockP_getCpuFreq)
ti_sysbios_knl_Task_self__E  $Tramp$TT$L$PI$$ti_sysbios_knl_Task_self__E
   1002eaf5     000064e8     00006448   release_pem4f.oem4f (.text:ti_sysbios_rts_ti_ReentSupport_getTlsAddr__I)
ti_sysbios_knl_Semaphore_delete  $Tramp$TT$L$PI$$ti_sysbios_knl_Semaphore_delete
   1002ecdb     000064f0     00006406   dpl_cc26x2.a : SemaphoreP_tirtos.oem4f (.text:SemaphoreP_delete)
ti_sysbios_knl_Semaphore_pend__E  $Tramp$TT$L$PI$$ti_sysbios_knl_Semaphore_pend__E
   1002bfb1     000064f8     0000632a   dpl_cc26x2.a : SemaphoreP_tirtos.oem4f (.text:SemaphoreP_pend)
ti_sysbios_knl_Clock_logTick__E  $Tramp$TT$L$PI$$ti_sysbios_knl_Clock_logTick__E
   1002dbd7     00006500     00006316   release_pem4f.oem4f (.text:ti_sysbios_knl_Clock_doTick__I)
ti_sysbios_knl_Task_Params__init__S  $Tramp$TT$L$PI$$ti_sysbios_knl_Task_Params__init__S
   1002ec09     00006508     000062aa   main_tirtos.obj (.text:ti_sysbios_knl_Task_Params_init)
ti_sysbios_BIOS_getThreadType__E  $Tramp$TT$L$PI$$ti_sysbios_BIOS_getThreadType__E
   1002ea95     00006510     0000622a   rom_sysbios.aem4f : rom_sysbios.obj (.text:ti_sysbios_rts_ti_ReentSupport_getReent__F)
ti_sysbios_knl_Swi_post__E  $Tramp$TT$L$PI$$ti_sysbios_knl_Swi_post__E
   1002d891     00006518     00006224   rom_sysbios.aem4f : rom_sysbios.obj (.text:ti_sysbios_knl_Swi_or__E)
                             0000631e   release_pem4f.oem4f (.text:ti_sysbios_knl_Clock_doTick__I)
                             000064a0   dpl_cc26x2.a : SwiP_tirtos.oem4f (.text:SwiP_post)
ti_sysbios_BIOS_RtsGateProxy_leave__E  $Tramp$TT$L$PI$$ti_sysbios_BIOS_RtsGateProxy_leave__E
   1002ec7b     00006520     00006206   release_pem4f.oem4f (.text:ti_sysbios_BIOS_rtsUnlock__I)
ti_sysbios_knl_Swi_construct  $Tramp$TT$L$PI$$ti_sysbios_knl_Swi_construct
   1002d719     00006528     000060e6   rom_sysbios.aem4f : rom_sysbios.obj (.text:ti_sysbios_knl_Swi_construct2__E)
ti_sysbios_knl_Swi_restore__E  $Tramp$TT$L$PI$$ti_sysbios_knl_Swi_restore__E
   1002db61     00006530     000060ae   dpl_cc26x2.a : PowerCC26X2_tirtos.oem4f (.text:PowerCC26XX_schedulerRestore)
ti_sysbios_BIOS_RtsGateProxy_enter__E  $Tramp$TT$L$PI$$ti_sysbios_BIOS_RtsGateProxy_enter__E
   1002ec77     00006538     00005fbe   release_pem4f.oem4f (.text:ti_sysbios_BIOS_rtsLock__I)
ti_sysbios_knl_Task_restore__E  $Tramp$TT$L$PI$$ti_sysbios_knl_Task_restore__E
   1002df45     00006540     00005e94   rom_sysbios.aem4f : rom_sysbios.obj (.text:_pthread_cleanupFxn)
                             000060b6   dpl_cc26x2.a : PowerCC26X2_tirtos.oem4f (.text:PowerCC26XX_schedulerRestore)
ti_sysbios_knl_Clock_TimerProxy_getCurrentTick__E  $Tramp$TT$L$PI$$ti_sysbios_knl_Clock_TimerProxy_getCurrentTick__E
   1002eac5     00006548     00005cba   rom_sysbios.aem4f : rom_sysbios.obj (.text:ti_sysbios_knl_Clock_getTicksUntilInterrupt__E)
xdc_runtime_Memory_free__E  $Tramp$TT$L$PI$$xdc_runtime_Memory_free__E
   1002f81d     00006550     00005c9c   rom_sysbios.aem4f : rom_sysbios.obj (.text:_pthread_delete$45)
                             00006160   release_pem4f.oem4f (.text:free)
ti_sysbios_knl_Task_delete  $Tramp$TT$L$PI$$ti_sysbios_knl_Task_delete
   1002ece7     00006558     00005c90   rom_sysbios.aem4f : rom_sysbios.obj (.text:_pthread_delete$45)
ti_sysbios_knl_Semaphore_destruct  $Tramp$TT$L$PI$$ti_sysbios_knl_Semaphore_destruct
   1002e6fd     00006560     00005c84   rom_sysbios.aem4f : rom_sysbios.obj (.text:_pthread_delete$45)
ti_sysbios_knl_Semaphore_create  $Tramp$TT$L$PI$$ti_sysbios_knl_Semaphore_create
   1002dc49     00006568     00005c70   dpl_cc26x2.a : SemaphoreP_tirtos.oem4f (.text:SemaphoreP_createBinary)
ti_sysbios_knl_Semaphore_construct  $Tramp$TT$L$PI$$ti_sysbios_knl_Semaphore_construct
   1002ddc1     00006570     00005c46   dpl_cc26x2.a : SemaphoreP_tirtos.oem4f (.text:SemaphoreP_constructBinary)
ti_sysbios_knl_Semaphore_Params__init__S  $Tramp$TT$L$PI$$ti_sysbios_knl_Semaphore_Params__init__S
   1002ebe5     00006578     00005c36   dpl_cc26x2.a : SemaphoreP_tirtos.oem4f (.text:SemaphoreP_constructBinary)
                             00005c60                : SemaphoreP_tirtos.oem4f (.text:SemaphoreP_createBinary)
xdc_runtime_Memory_alloc__E  $Tramp$TT$L$PI$$xdc_runtime_Memory_alloc__E
   1002f289     00006580     00005c10   release_pem4f.oem4f (.text:ti_sysbios_rts_MemAlloc_alloc)
ti_sysbios_knl_Task_startup__E  $Tramp$TT$L$PI$$ti_sysbios_knl_Task_startup__E
   1002eceb     00006588     00005b5c   release_pem4f.oem4f (.text:ti_sysbios_BIOS_startFunc__I)
ti_sysbios_knl_Swi_startup__E  $Tramp$TT$L$PI$$ti_sysbios_knl_Swi_startup__E
   1002ec6b     00006590     00005b58   release_pem4f.oem4f (.text:ti_sysbios_BIOS_startFunc__I)
ti_sysbios_hal_Hwi_startup__E  $Tramp$TT$L$PI$$ti_sysbios_hal_Hwi_startup__E
   1002ec31     00006598     00005b54   release_pem4f.oem4f (.text:ti_sysbios_BIOS_startFunc__I)
ti_sysbios_family_arm_cc26xx_Timer_startup__E  $Tramp$TT$L$PI$$ti_sysbios_family_arm_cc26xx_Timer_startup__E
   1002dcf1     000065a0     00005b50   release_pem4f.oem4f (.text:ti_sysbios_BIOS_startFunc__I)
xdc_runtime_System_atexit__E  $Tramp$TT$L$PI$$xdc_runtime_System_atexit__E
   1002f559     000065a8     00005b48   release_pem4f.oem4f (.text:ti_sysbios_BIOS_startFunc__I)
ti_sysbios_BIOS_linkedWithIncorrectBootLibrary__E  $Tramp$TT$L$PI$$ti_sysbios_BIOS_linkedWithIncorrectBootLibrary__E
   1002d01b     000065b0     00005b42   release_pem4f.oem4f (.text:ti_sysbios_BIOS_startFunc__I)
xdc_runtime_Startup_rtsDone__E  $Tramp$TT$L$PI$$xdc_runtime_Startup_rtsDone__E
   1002f8e5     000065b8     00005b3a   release_pem4f.oem4f (.text:ti_sysbios_BIOS_startFunc__I)
ti_sysbios_knl_Task_disable__E  $Tramp$TT$L$PI$$ti_sysbios_knl_Task_disable__E
   1002ea4d     000065c0     00005b0e   release_pem4f.oem4f (.text:ti_sysbios_BIOS_atExitFunc__I)
                             00005e86   rom_sysbios.aem4f : rom_sysbios.obj (.text:_pthread_cleanupFxn)
                             0000608e   dpl_cc26x2.a : PowerCC26X2_tirtos.oem4f (.text:PowerCC26XX_schedulerDisable)
ti_sysbios_knl_Swi_disable__E  $Tramp$TT$L$PI$$ti_sysbios_knl_Swi_disable__E
   1002ea25     000065c8     00005b0a   release_pem4f.oem4f (.text:ti_sysbios_BIOS_atExitFunc__I)
                             00006096   dpl_cc26x2.a : PowerCC26X2_tirtos.oem4f (.text:PowerCC26XX_schedulerDisable)
ti_sysbios_family_arm_m3_Hwi_construct  $Tramp$TT$L$PI$$ti_sysbios_family_arm_m3_Hwi_construct
   1002d421     000065d0     00005706   rom_sysbios.aem4f : rom_sysbios.obj (.text:ti_sysbios_family_arm_m3_Hwi_construct2__E)
ti_sysbios_BIOS_start__E  $Tramp$TT$L$PI$$ti_sysbios_BIOS_start__E
   1002eaa5     000065d8     000056d6   main_tirtos.obj (.text:main)
ti_sysbios_knl_Task_construct  $Tramp$TT$L$PI$$ti_sysbios_knl_Task_construct
   1002d5d9     000065e0     000056ce   main_tirtos.obj (.text:main)
ti_sysbios_family_arm_m3_Hwi_Params__init__S  $Tramp$TT$L$PI$$ti_sysbios_family_arm_m3_Hwi_Params__init__S
   1002eb49     000065e8     00005614   dpl_cc26x2.a : HwiP_tirtos.oem4f (.text:HwiP_construct)
ti_sysbios_knl_Clock_construct  $Tramp$TT$L$PI$$ti_sysbios_knl_Clock_construct
   1002dd8d     000065f0     0000552e   dpl_cc26x2.a : ClockP_tirtos.oem4f (.text:ClockP_construct)
ti_sysbios_knl_Clock_Params__init__S  $Tramp$TT$L$PI$$ti_sysbios_knl_Clock_Params__init__S
   1002eb9d     000065f8     00005514   dpl_cc26x2.a : ClockP_tirtos.oem4f (.text:ClockP_construct)
ti_sysbios_knl_Swi_Params__init__S  $Tramp$TT$L$PI$$ti_sysbios_knl_Swi_Params__init__S
   1002ebf1     00006600     00004eca   dpl_cc26x2.a : SwiP_tirtos.oem4f (.text:SwiP_construct)
xdc_runtime_System_exit__E  $Tramp$TT$L$PI$$xdc_runtime_System_exit__E
   1002f7b1     00006608     00004ddc   boot.aem4f : boot.oem4f (.text)
                             00006294   release_pem4f.oem4f (.text:ti_sysbios_BIOS_exitFunc__I)
ti_sysbios_heaps_HeapMem_restore__E  $Tramp$TT$L$PI$$ti_sysbios_heaps_HeapMem_restore__E
   1002eb13     00006610     00004b70   rom_sysbios.aem4f : rom_sysbios.obj (.text:ti_sysbios_heaps_HeapMem_initPrimary__I)
ti_sysbios_heaps_HeapMem_Object__get__S  $Tramp$TT$L$PI$$ti_sysbios_heaps_HeapMem_Object__get__S
   1002e275     00006618     00004b40   rom_sysbios.aem4f : rom_sysbios.obj (.text:ti_sysbios_heaps_HeapMem_initPrimary__I)
xdc_runtime_Error_raiseX__E  $Tramp$TT$L$PI$$xdc_runtime_Error_raiseX__E
   1002f739     00006620     00003f22   rom_sysbios.aem4f : rom_sysbios.obj (.text:ti_sysbios_family_arm_m3_Hwi_excHandlerMin__I)
ti_sysbios_BIOS_setThreadType__E  $Tramp$TT$L$PI$$ti_sysbios_BIOS_setThreadType__E
   1002ea11     00006628     00003ee2   rom_sysbios.aem4f : rom_sysbios.obj (.text:ti_sysbios_family_arm_m3_Hwi_excHandlerMin__I)
                             00005b14   release_pem4f.oem4f (.text:ti_sysbios_BIOS_atExitFunc__I)
                             0000628e   release_pem4f.oem4f (.text:ti_sysbios_BIOS_exitFunc__I)
ti_sysbios_family_arm_m3_Hwi_excFillContext__I  $Tramp$TT$L$PI$$ti_sysbios_family_arm_m3_Hwi_excFillContext__I
   1002bda9     00006630     00003edc   rom_sysbios.aem4f : rom_sysbios.obj (.text:ti_sysbios_family_arm_m3_Hwi_excHandlerMin__I)
ti_sysbios_knl_Clock_stop__E  $Tramp$TT$L$PI$$ti_sysbios_knl_Clock_stop__E
   1002e2c5     00006638     00002f82   dpl_cc26x2.a : PowerCC26X2_tirtos.oem4f (.text:PowerCC26XX_standbyPolicy)
                             00006484                : ClockP_tirtos.oem4f (.text:ClockP_stop)
ti_sysbios_knl_Clock_start__E  $Tramp$TT$L$PI$$ti_sysbios_knl_Clock_start__E
   1002e9e7     00006640     00002f6e   dpl_cc26x2.a : PowerCC26X2_tirtos.oem4f (.text:PowerCC26XX_standbyPolicy)
                             00006480                : ClockP_tirtos.oem4f (.text:ClockP_start)
ti_sysbios_knl_Clock_setTimeout__E  $Tramp$TT$L$PI$$ti_sysbios_knl_Clock_setTimeout__E
   1002ecc3     00006648     00002f68   dpl_cc26x2.a : PowerCC26X2_tirtos.oem4f (.text:PowerCC26XX_standbyPolicy)
ti_sysbios_family_arm_m3_Hwi_restoreFxn__E  $Tramp$TT$L$PI$$ti_sysbios_family_arm_m3_Hwi_restoreFxn__E
   1002ec47     00006650     0000232c   drivers_cc26x2.a : I2C.oem4f (.text:I2C_transferTimeout)
                             000023b0                    : I2C.oem4f (.text:I2C_transferTimeout)
                             000023be                    : I2C.oem4f (.text:I2C_transferTimeout)
                             0000242c                    : I2C.oem4f (.text:I2C_transferTimeout)
                             000026de                    : GPIOCC26XX.oem4f (.text:GPIO_setConfig)
                             0000270e                    : GPIOCC26XX.oem4f (.text:GPIO_setConfig)
                             000027a6                    : I2CCC26XX.oem4f (.text:I2C_open)
                             000027b6                    : I2CCC26XX.oem4f (.text:I2C_open)
                             000027d4                    : I2CCC26XX.oem4f (.text:I2C_open)
                             00002c52                    : PINCC26XX.oem4f (.text:PINCC26XX_setIoCfg)
                             000030c6                    : GPIOCC26XX.oem4f (.text:GPIO_init)
                             000030cc                    : GPIOCC26XX.oem4f (.text:GPIO_init)
                             00003210                    : PowerCC26X2.oem4f (.text:Power_releaseDependency)
                             00003446                    : PowerCC26X2.oem4f (.text:Power_setDependency)
                             00004a06                    : GPIOCC26XX.oem4f (.text:GPIO_write)
                             00004cba                    : PowerCC26X2_calibrateRCOSC.oem4f (.text:PowerCC26X2_initiateCalibration)
                             000052ae                    : PowerCC26X2.oem4f (.text:switchXOSCHF)
                             0000590a                    : GPIOCC26XX.oem4f (.text:GPIO_toggle)
                             00005a9c                    : PowerCC26X2.oem4f (.text:Power_releaseConstraint)
                             00005acc                    : PowerCC26X2.oem4f (.text:Power_setConstraint)
                             00005dc0                    : I2C.oem4f (.text:I2C_cancel)
                             00005de6                    : List.oem4f (.text:List_put)
xdc_runtime_System_doPrint__I  $Tramp$TT$L$PI$$xdc_runtime_System_doPrint__I
   1002ecf1     00006658     00001b82   release_pem4f.oem4f (.text:xdc_runtime_System_printfExtend__I)
strlen                    $Tramp$TT$L$PI$$strlen
   1002fddb     00006660     00000058   rtsv7M4_T_le_v4SPD16_eabi.lib : _printfi.c.obj (.text:__TI_printfi)
                             0000088e                                 : _printfi.c.obj (.text:__TI_printfi)
                             000008e6                                 : _printfi.c.obj (.text:__TI_printfi)
                             000008f4                                 : _printfi.c.obj (.text:__TI_printfi)
                             00000c5c                                 : _printfi.c.obj (.text:_pconv_a)
                             00001280                                 : _printfi.c.obj (.text:_pconv_g)
                             00002048                                 : _printfi.c.obj (.text:_pconv_e)
                             0000206e                                 : _printfi.c.obj (.text:_pconv_e)
                             0000258a                                 : fputs.c.obj (.text:fputs)
                             000034e4                                 : _printfi.c.obj (.text:_ltostr)
                             0000439a                                 : _printfi.c.obj (.text:_mcpy)
                             0000448a                                 : hostrename.c.obj (.text:HOSTrename)
                             0000449c                                 : hostrename.c.obj (.text:HOSTrename)
                             00004a34                                 : hostopen.c.obj (.text:HOSTopen)
                             00005370                                 : hostunlink.c.obj (.text:HOSTunlink)
                             00005640                                 : _printfi.c.obj (.text:_fcpy)

[53 trampolines]
[102 trampoline calls]


GLOBAL SYMBOLS: SORTED ALPHABETICALLY BY Name 

address   name                                                               
-------   ----                                                               
00006d7c  BoardGpioInitTable                                                 
00005f39  Board_init                                                         
00000a8b  Board_initHook                                                     
00003e3d  Board_sendExtFlashByte                                             
000054b9  Board_shutDownExtFlash                                             
0000503d  Board_wakeUpExtFlash                                               
000057ff  C$$IO$$                                                            
00006e24  CONFIG_GPIO_LED_0_CONST                                            
00006e25  CONFIG_I2C_0_CONST                                                 
0000643d  ClockP_Params_init                                                 
000054f9  ClockP_construct                                                   
0000647d  ClockP_getCpuFreq                                                  
000063b9  ClockP_getSystemTickPeriod                                         
1002dc11  ClockP_getSystemTicks                                              
00006481  ClockP_start                                                       
00006485  ClockP_stop                                                        
00006d40  GPIOCC26XX_config                                                  
000059e9  GPIO_hwiIntFxn                                                     
000030ad  GPIO_init                                                          
00005a19  GPIO_setCallback                                                   
0000266d  GPIO_setConfig                                                     
000058e5  GPIO_toggle                                                        
000049b5  GPIO_write                                                         
00004000  HEAPSIZE                                                           
00005321  HOSTclose                                                          
000045b5  HOSTlseek                                                          
00004a15  HOSTopen                                                           
00004be5  HOSTread                                                           
00004471  HOSTrename                                                         
00005365  HOSTunlink                                                         
00004c3d  HOSTwrite                                                          
0000634d  HwiP_Params_init                                                   
000055f9  HwiP_construct                                                     
00006489  HwiP_disable                                                       
0000648d  HwiP_disableInterrupt                                              
00006491  HwiP_enableInterrupt                                               
1002ec47  HwiP_restore                                                       
000062b1  I2CSupport_masterFinish                                            
00006461  I2CSupport_powerRelConstraint                                      
00006467  I2CSupport_powerSetConstraint                                      
00003a89  I2CSupport_primeTransfer                                           
0000636d  I2C_Params_init                                                    
00005da1  I2C_cancel                                                         
00006df0  I2C_config                                                         
00006e26  I2C_count                                                          
00006d8c  I2C_defaultParams                                                  
00001683  I2C_init                                                           
0000277d  I2C_open                                                           
000062c5  I2C_transfer                                                       
00002315  I2C_transferTimeout                                                
UNDEFED   ITM_flush                                                          
UNDEFED   ITM_restore                                                        
00005dc7  List_put                                                           
00005919  NOROM_AUXSYSIFOpModeChange                                         
000063c5  NOROM_CPUcpsid                                                     
000063d1  NOROM_CPUcpsie                                                     
0000646d  NOROM_CPUdelay                                                     
00006055  NOROM_ChipInfo_GetChipFamily                                       
000044dd  NOROM_ChipInfo_GetChipType                                         
000053a9  NOROM_ChipInfo_GetHwRevision                                       
00006169  NOROM_ChipInfo_GetPackageType                                      
00003b11  NOROM_OSCHF_AttemptToSwitchToXosc                                  
0000461d  NOROM_OSCHF_SwitchToRcOscTurnOffXosc                               
00005e61  NOROM_OSCHF_TurnOnXosc                                             
00005539  NOROM_OSC_HPOSCRelativeFrequencyOffsetGet                          
00004e4d  NOROM_PRCMPowerDomainsAllOff                                       
00005089  NOROM_PRCMPowerDomainsAllOn                                        
000037ad  NOROM_SetupTrimDevice                                              
0000594d  NOROM_SysCtrlIdle                                                  
00003fc9  NOROM_SysCtrlSetRechargeBeforePowerDown                            
00002a99  NOROM_SysCtrlStandby                                               
00006259  NOROM_ThisLibraryIsFor_CC13x2_CC26x2_HwRev20AndLater_HaltIfViolated
[...]
1002eb9d  ti_sysbios_knl_Clock_Params__init__S                               
1002eba9  ti_sysbios_knl_Clock_getTimerHandle__E                             
1002ebb5  ti_sysbios_knl_Event_Params__init__S                               
1002ebc1  ti_sysbios_knl_Mailbox_Params__init__S                             
1002ebcd  ti_sysbios_knl_Queue_dequeue__E                                    
1002ebd9  ti_sysbios_knl_Queue_enqueue__E                                    
1002ebe5  ti_sysbios_knl_Semaphore_Params__init__S                           
1002ebf1  ti_sysbios_knl_Swi_Params__init__S                                 
1002ebfd  ti_sysbios_knl_Swi_self__E                                         
1002ec09  ti_sysbios_knl_Task_Params__init__S                                
1002ec15  ti_sysbios_hal_Hwi_Instance_finalize__E                            
1002ec1f  ti_sysbios_knl_Event_Instance_init__E                              
1002ec29  ti_sysbios_family_arm_m3_Hwi_doSwiRestore__I                       
1002ec31  ti_sysbios_family_arm_m3_Hwi_startup__E                            
1002ec31  ti_sysbios_hal_Hwi_HwiProxy_startup__E                             
1002ec31  ti_sysbios_hal_Hwi_HwiProxy_startup__E                             
1002ec31  ti_sysbios_hal_Hwi_startup__E                                      
1002ec31  ti_sysbios_hal_Hwi_startup__E                                      
1002ec39  ti_sysbios_knl_Idle_loop__E                                        
1002ec41  ti_sysbios_family_arm_m3_Hwi_doTaskRestore__I                      
1002ec47  HwiP_restore                                                       
1002ec47  ti_sysbios_family_arm_m3_Hwi_restoreFxn__E                         
1002ec4d  ti_sysbios_gates_GateHwi_leave__E                                  
1002ec53  ti_sysbios_gates_GateMutex_Instance_finalize__E                    
1002ec59  ti_sysbios_heaps_HeapMem_isBlocking__E                             
1002ec5f  ti_sysbios_knl_Queue_Instance_init__E                              
1002ec65  ti_sysbios_knl_Queue_elemClear__E                                  
1002ec6b  ti_sysbios_knl_Swi_startup__E                                      
1002ec71  ti_sysbios_knl_Task_enable__E                                      
1002ec77  ti_sysbios_BIOS_RtsGateProxy_enter__E                              
1002ec7b  ti_sysbios_BIOS_RtsGateProxy_leave__E                              
1002ec7f  ti_sysbios_family_arm_cc26xx_Timer_getExpiredTicks__E              
1002ec83  ti_sysbios_family_arm_cc26xx_Timer_getPeriod__E                    
1002ec87  ti_sysbios_family_arm_cc26xx_Timer_setPeriod__E                    
1002ec8b  ti_sysbios_family_arm_m3_Hwi_delete                                
1002ec8f  ti_sysbios_family_arm_m3_TaskSupport_Module__startupDone__S        
1002ec8f  ti_sysbios_knl_Task_SupportProxy_Module__startupDone__S            
1002ec93  ti_sysbios_gates_GateHwi_query__E                                  
1002ec93  xdc_runtime_Main_Module_GateProxy_query__E                         
1002ec93  xdc_runtime_System_Module_GateProxy_query__E                       
1002ec93  xdc_runtime_System_Module_GateProxy_query__E                       
1002ec97  ti_sysbios_gates_GateMutex_delete                                  
1002ec9b  ti_sysbios_BIOS_RtsGateProxy_query__E                              
1002ec9b  ti_sysbios_BIOS_RtsGateProxy_query__E                              
1002ec9b  ti_sysbios_gates_GateMutex_query__E                                
1002ec9b  ti_sysbios_heaps_HeapMem_Module_GateProxy_query__E                 
1002ec9b  ti_sysbios_heaps_HeapMem_Module_GateProxy_query__E                 
1002ec9f  ti_sysbios_hal_Hwi_HwiProxy_create                                 
1002eca3  ti_sysbios_hal_Hwi_HwiProxy_delete                                 
1002eca7  ti_sysbios_hal_Hwi_delete                                          
1002ecab  ti_sysbios_heaps_HeapMem_Module_GateProxy_enter__E                 
1002ecaf  ti_sysbios_heaps_HeapMem_Module_GateProxy_leave__E                 
1002ecb3  ti_sysbios_knl_Clock_TimerProxy_getExpiredTicks__E                 
1002ecb7  ti_sysbios_knl_Clock_TimerProxy_getPeriod__E                       
1002ecbb  ti_sysbios_knl_Clock_delete                                        
1002ecbf  ti_sysbios_knl_Clock_removeI__E                                    
1002ecc3  ti_sysbios_knl_Clock_setTimeout__E                                 
1002ecc7  ti_sysbios_knl_Event_delete                                        
1002eccb  ti_sysbios_knl_Mailbox_delete                                      
1002eccf  ti_sysbios_knl_Queue_delete                                        
1002ecd3  ti_sysbios_knl_Queue_head__E                                       
1002ecd7  ti_sysbios_knl_Queue_next__E                                       
1002ecdb  ti_sysbios_knl_Semaphore_delete                                    
1002ecdf  ti_sysbios_knl_Swi_delete                                          
1002ece3  ti_sysbios_knl_Swi_postInit__I                                     
1002ece7  ti_sysbios_knl_Task_delete                                         
1002eceb  ti_sysbios_knl_Task_startup__E                                     
1002ecf1  xdc_runtime_System_doPrint__I                                      
1002f055  xdc_runtime_Startup_startMods__I                                   
1002f15d  xdc_runtime_Text_putSite__E                                        
1002f1f7  xdc_runtime_Error_policySpin__E                                    
1002f1f9  xdc_runtime_Text_putMod__E                                         
1002f289  xdc_runtime_Memory_alloc__E                                        
1002f2f9  xdc_runtime_Core_createObject__I                                   
1002f367  xdc_runtime_Core_deleteObject__I                                   
1002f3c5  xdc_runtime_Text_putLab__E                                         
1002f421  xdc_runtime_Assert_raise__I                                        
1002f475  xdc_runtime_Startup_exec__E                                        
1002f4c9  xdc_runtime_Core_assignParams__I                                   
1002f511  xdc_runtime_Core_constructObject__I                                
1002f559  xdc_runtime_System_atexit__E                                       
1002f5a1  xdc_runtime_Text_xprintf__I                                        
1002f5e5  xdc_runtime_System_processAtExit__E                                
1002f625  xdc_runtime_System_putchar__I                                      
1002f659  xdc_runtime_Core_assignLabel__I                                    
1002f689  xdc_runtime_Text_printVisFxn__I                                    
1002f6b9  xdc_runtime_System_vprintf__E                                      
1002f6e5  xdc_runtime_Text_cordText__E                                       
1002f711  xdc_runtime_System_abort__E                                        
1002f739  xdc_runtime_Error_raiseX__E                                        
1002f759  xdc_runtime_Registry_findById__E                                   
1002f779  xdc_runtime_Error_check__E                                         
1002f795  xdc_runtime_Memory_valloc__E                                       
1002f7b1  xdc_runtime_System_exit__E                                         
1002f7cd  xdc_runtime_Text_ropeText__E                                       
1002f7e9  xdc_runtime_System_printf__E                                       
1002f803  xdc_runtime_Core_destructObject__I                                 
1002f81b  xdc_runtime_System_abortSpin__E                                    
1002f81d  xdc_runtime_Memory_free__E                                         
1002f831  xdc_runtime_Memory_getStats__E                                     
1002f845  xdc_runtime_SysCallback_abort__E                                   
1002f845  xdc_runtime_System_SupportProxy_abort__E                           
1002f859  xdc_runtime_SysCallback_exit__E                                    
1002f859  xdc_runtime_System_SupportProxy_exit__E                            
1002f86d  xdc_runtime_SysCallback_flush__E                                   
1002f86d  xdc_runtime_System_SupportProxy_flush__E                           
1002f86d  xdc_runtime_System_flush__E                                        
1002f881  xdc_runtime_SysCallback_putch__E                                   
1002f881  xdc_runtime_System_SupportProxy_putch__E                           
1002f895  xdc_runtime_SysCallback_ready__E                                   
1002f895  xdc_runtime_System_SupportProxy_ready__E                           
1002f8a9  xdc_runtime_Memory_getMaxDefaultTypeAlign__E                       
1002f8b9  xdc_runtime_System_vsnprintf__E                                    
1002f8c9  xdc_runtime_Timestamp_SupportProxy_get32__E                        
1002f8c9  xdc_runtime_Timestamp_SupportProxy_get32__E                        
1002f8c9  xdc_runtime_Timestamp_get32__E                                     
1002f8c9  xdc_runtime_Timestamp_get32__E                                     
1002f8d9  xdc_runtime_Memory_calloc__E                                       
1002f8e5  xdc_runtime_Startup_rtsDone__E                                     
1002f8f1  xdc_runtime_Memory_HeapProxy_alloc__E                              
1002f8fb  xdc_runtime_Memory_HeapProxy_free__E                               
1002f905  xdc_runtime_Memory_HeapProxy_getStats__E                           
1002f90f  xdc_runtime_Gate_leaveSystem__E                                    
1002f915  xdc_runtime_System_Module_startup__E                               
1002f91b  xdc_runtime_Gate_enterSystem__E                                    
1002f91f  xdc_runtime_SysCallback_Module__startupDone__S                     
1002f91f  xdc_runtime_System_SupportProxy_Module__startupDone__S             
1002f923  xdc_runtime_System_Module_GateProxy_enter__E                       
1002f927  xdc_runtime_System_Module_GateProxy_leave__E                       
1002f92b  xdc_runtime_System_printf_va__F                                    
1002f92f  xdc_runtime_System_exitSpin__E                                     
1002f931  ti_sysbios_family_arm_m3_Hwi_dispatch__I                           
1002fa11  ti_sysbios_family_arm_m3_Hwi_interruptsAreDisabledButShouldNotBe   
1002fa2d  ti_sysbios_family_arm_m3_TaskSupport_buildTaskStack                
1002fab9  ti_sysbios_family_arm_m3_Hwi_initStacks__E                         
1002fb11  ti_sysbios_family_arm_m3_Hwi_pendSV__I                             
1002fb35  ti_sysbios_family_arm_m3_Hwi_return                                
1002fb39  ti_sysbios_family_arm_m3_Hwi_excHandlerAsm__I                      
1002fb59  ti_sysbios_family_xxx_Hwi_switchAndRunFunc                         
1002fb77  ti_sysbios_family_arm_m3_TaskSupport_swap__E                       
1002fb77  ti_sysbios_knl_Task_SupportProxy_swap__E                           
1002fb77  ti_sysbios_knl_Task_SupportProxy_swap__E                           
1002fb83  ti_sysbios_knl_Task_swapReturn                                     
1002fb8f  ti_sysbios_family_arm_m3_TaskSupport_glue                          
1002fba0  ti_sysbios_knl_Task_Object__PARAMS__C                              
1002fbdc  ti_sysbios_knl_Mailbox_Object__PARAMS__C                           
1002fc10  ti_sysbios_family_arm_m3_Hwi_Object__PARAMS__C                     
1002fc40  ti_sysbios_hal_Hwi_Object__PARAMS__C                               
1002fc6c  ti_sysbios_knl_Swi_Object__PARAMS__C                               
1002fc94  ti_sysbios_heaps_HeapMem_Object__PARAMS__C                         
1002fcb8  ti_sysbios_knl_Clock_Object__PARAMS__C                             
1002fcdc  ti_sysbios_knl_Semaphore_Object__PARAMS__C                         
1002fd00  ti_sysbios_gates_GateHwi_Object__PARAMS__C                         
1002fd18  ti_sysbios_gates_GateMutex_Object__PARAMS__C                       
1002fd30  ti_sysbios_knl_Event_Object__PARAMS__C                             
1002fd48  ti_sysbios_knl_Queue_Object__PARAMS__C                             
1002fd80  ti_sysbios_heaps_HeapTrack_Object__PARAMS__C                       
1002fd9c  ti_sysbios_heaps_HeapTrack_Instance_State_trackQueue__O            
1002fda0  ti_sysbios_heaps_HeapTrack_Module__diagsEnabled__C                 
1002fda4  ti_sysbios_heaps_HeapTrack_Module__diagsIncluded__C                
1002fda8  ti_sysbios_heaps_HeapTrack_Module__diagsMask__C                    
1002fddb  strlen                                                             
20000000  __start___llvm_prf_cnts                                            
20000000  __stop___llvm_prf_cnts                                             
20000000  ti_sysbios_family_arm_m3_Hwi_ramVectors                            
20000100  xdcRomConstPtr                                                     
20000104  xdcRomExternFuncPtr                                                
20000108  xdcRomStatePtr                                                     
20000110  __primary_heap_start__                                             
20004110  __primary_heap_end__                                               
20004110  task0Stack                                                         
20004510  ti_sysbios_knl_Task_Instance_State_0_stack__A                      
20004710  i2cCC26xxObjects                                                   
20004854  __CIOBUF_                                                          
20004974  _I2CBuffer                                                         
20004a74  ti_sysbios_family_arm_m3_Hwi_dispatchTable                         
20004b4c  __TI_tmpnams                                                       
20004bec  pinHandleTable                                                     
20004cb8  task0Struct                                                        
20004d98  i2cParams                                                          
20004dbd  driverlib_release_0_58048                                          
20004dc8  parmbuf                                                            
20004dd4  PowerCC26XX_swiKey                                                 
20004dd8  PowerCC26XX_taskKey                                                
20004ddc  i2c                                                                
20004de0  PowerCC26X2_module                                                 
20004f50  ROM_stateStruct                                                    
20004f50  ti_sysbios_knl_Clock_Module__state__V                              
20004f7c  ti_sysbios_family_arm_cc26xx_TimestampProvider_Module__state__V    
20004f80  xdc_runtime_Startup_Module__state__V                               
20004f88  xdc_runtime_Registry_Module__state__V                              
20004f90  ti_sysbios_BIOS_Module__state__V                                   
20004fb4  ti_sysbios_knl_Swi_Module__state__V                                
20004fd0  ti_sysbios_knl_Task_Module__state__V                               
20005014  xdc_runtime_Memory_Module__state__V                                
20005018  xdc_runtime_System_Module__state__V                                
20005020  ti_sysbios_family_arm_m3_Hwi_Module__state__V                      
20005054  ti_sysbios_family_arm_cc26xx_Timer_Module__state__V                
2000505c  _ftable                                                            
200051d4  _device                                                            
2000524c  ti_sysbios_gates_GateMutex_Object__table__V                        
200052a0  _stream                                                            
200052f0  ti_sysbios_knl_Task_Object__table__V                               
2000533c  gpioCallbackFunctions                                              
20005340  ti_sysbios_family_arm_cc26xx_Timer_Object__table__V                
20005388  ti_sysbios_knl_Swi_Module_State_0_readyQ__A                        
200053b8  ti_sysbios_knl_Swi_Object__table__V                                
200053e8  ti_sysbios_knl_Task_Module_State_0_readyQ__A                       
20005418  _hposcCoeffs                                                       
2000543c  ti_sysbios_knl_Clock_Object__table__V                              
2000545c  xdc_runtime_Error_IgnoreBlock                                      
2000547c  ti_sysbios_family_arm_m3_Hwi_Object__table__V                      
20005494  ti_sysbios_heaps_HeapMem_Object__table__V                          
200054ac  __TI_ft_end                                                        
200054b0  __aeabi_stdin                                                      
200054b4  __aeabi_stdout                                                     
200054b8  __aeabi_stderr                                                     
200054bc  __TI_cleanup_ptr                                                   
200054c0  __TI_dtors_ptr                                                     
200054c4  __TI_enable_exit_profile_output                                    
200054c8  _lock                                                              
200054cc  _unlock                                                            
200054d0  pinUpperBound                                                      
200054d4  pinLowerBound                                                      
200054d8  ti_sysbios_family_arm_m3_Hwi_Module__root__V                       
200054e0  ti_sysbios_gates_GateHwi_Module__root__V                           
200054e8  ti_sysbios_gates_GateMutex_Module__root__V                         
200054f0  ti_sysbios_hal_Hwi_Module__root__V                                 
200054f8  ti_sysbios_heaps_HeapMem_Module__root__V                           
20005500  ti_sysbios_knl_Clock_Module__root__V                               
20005508  ti_sysbios_knl_Event_Module__root__V                               
20005510  ti_sysbios_knl_Mailbox_Module__root__V                             
20005518  ti_sysbios_knl_Queue_Module__root__V                               
20005520  ti_sysbios_knl_Semaphore_Module__root__V                           
20005528  ti_sysbios_knl_Swi_Module__root__V                                 
20005530  ti_sysbios_knl_Task_Module__root__V                                
20005538  xdc_runtime_System_Module_State_0_atexitHandlers__A                
20005546  ti_sysbios_family_arm_m3_Hwi_Module_State_0_excActive__A           
20005548  gpioPinConfigs                                                     
20005550  main_func_sp                                                       
20005554  ti_sysbios_family_arm_m3_Hwi_Module_State_0_excContext__A          
20005558  ti_sysbios_family_arm_m3_Hwi_Module_State_0_excStack__A            
2000555c  ti_sysbios_knl_Task_Module_State_0_idleTask__A                     
20013c00  __stack                                                            
20014000  __STACK_END                                                        
e000e000  ti_sysbios_family_arm_m3_Hwi_nvic                                  
ffffffff  __TI_pprof_out_hndl                                                
ffffffff  __TI_prof_data_size                                                
ffffffff  __TI_prof_data_start                                               
ffffffff  __binit__                                                          
ffffffff  __c_args__                                                         
ffffffff  binit                                                              
UNDEFED   ITM_flush                                                          
UNDEFED   ITM_restore                                                        
UNDEFED   SHT$$INIT_ARRAY$$Base                                              
UNDEFED   SHT$$INIT_ARRAY$$Limit                                             

[910 symbols]
